
> @full-aigc-plugins/filmcraft@0.1.0-dev.41-runtime.1 test
> node --test test/harness/*.test.ts

﹣ actual Python native workflow binds SQL attempts, preserves original project and does not repeat a completed attempt (0.334125ms) # SKIP
✔ public task mapping uses registered identity and keeps internal fields in the domain ledger (7.865375ms)
✔ legacy command receipt is linked without rewriting native integers or declaring completion (43.287ms)
✔ conflicting identity, absent identity and duplicate JSON keys cannot become a successful receipt (32.613833ms)
✔ a moved or replaced candidate makes evidence stale and does not overwrite stored originals (38.022ms)
✔ receipt paths reject traversal and symlinks before reading their targets (32.278541ms)
✔ strict lossless parsing preserves unsafe native integers and rejects ambiguity (0.872708ms)
✔ plan normalization keeps Python native hashes compatible and refuses duplicate or nonfinite values (111.242625ms)
✔ delivery mapping binds native project, input versions, packaged dependencies and exchange loss without quality PASS (90.67125ms)
✔ missing capability evidence remains unknown and a mismatching packaged dependency cannot be delivered (113.674542ms)
✔ legacy output execution maps declared new inputs separately from inherited project inputs (113.067292ms)
✔ failed-stage receipts retain original bytes and missing historical identities without following stage paths (30.847458ms)
✔ same idempotency key returns the original task; changed identity conflicts without replacing it (6.407833ms)
✔ task IDs cannot overwrite another caller and input versions remain bound (3.379208ms)
✔ project occupancy survives close/reopen and unknown execution does not free the writer (5.318292ms)
✔ expired leases are fenced without automatically taking over or accepting an old completion (3.127ms)
✔ intent is committed before submission and accepted execution is not completed delivery (4.048417ms)
✔ missing stop confirmation remains unknown; receipts cannot be spliced across attempts (3.798ms)
✔ deadline and unsupported state database refuse execution without editing user files (2.747875ms)
✔ two actual processes cannot acquire the same project writer (72.935875ms)
✔ aliased output parents share idempotency and occupancy even with a different project key (4.172417ms)
✔ an unrelated SQLite database with user_version 1 is rejected without changing its bytes (2.419625ms)
ℹ tests 22
ℹ suites 0
ℹ pass 21
ℹ fail 0
ℹ cancelled 0
ℹ skipped 1
ℹ todo 0
ℹ duration_ms 701.292708
