
> @full-aigc-plugins/filmcraft@0.1.0-dev.41-runtime.1 test
> node --test test/harness/*.test.ts

﹣ actual Python native workflow binds SQL attempts, preserves original project and does not repeat a completed attempt (0.319666ms) # SKIP
✔ legacy command receipt is linked without rewriting native integers or declaring completion (81.057958ms)
✔ conflicting identity, absent identity and duplicate JSON keys cannot become a successful receipt (37.240375ms)
✔ a moved or replaced candidate makes evidence stale and does not overwrite stored originals (29.536792ms)
✔ receipt paths reject traversal and symlinks before reading their targets (27.715ms)
✔ strict lossless parsing preserves unsafe native integers and rejects ambiguity (0.528417ms)
✔ plan normalization keeps Python native hashes compatible and refuses duplicate or nonfinite values (104.797625ms)
✔ delivery mapping binds native project, input versions, packaged dependencies and exchange loss without quality PASS (84.295209ms)
✖ missing capability evidence remains unknown and a mismatching packaged dependency cannot be delivered (55.543708ms)
✔ legacy output execution maps declared new inputs separately from inherited project inputs (105.135958ms)
✔ failed-stage receipts retain original bytes and missing historical identities without following stage paths (29.698833ms)
✔ same idempotency key returns the original task; changed identity conflicts without replacing it (6.001541ms)
✔ task IDs cannot overwrite another caller and input versions remain bound (2.564375ms)
✔ project occupancy survives close/reopen and unknown execution does not free the writer (4.237583ms)
✔ expired leases are fenced without automatically taking over or accepting an old completion (2.59925ms)
✔ intent is committed before submission and accepted execution is not completed delivery (3.176083ms)
✔ missing stop confirmation remains unknown; receipts cannot be spliced across attempts (2.91175ms)
✔ deadline and unsupported state database refuse execution without editing user files (2.620333ms)
✔ two actual processes cannot acquire the same project writer (77.880958ms)
✔ aliased output parents share idempotency and occupancy even with a different project key (3.466209ms)
✔ an unrelated SQLite database with user_version 1 is rejected without changing its bytes (1.756417ms)
ℹ tests 21
ℹ suites 0
ℹ pass 19
ℹ fail 1
ℹ cancelled 0
ℹ skipped 1
ℹ todo 0
ℹ duration_ms 650.642959

✖ failing tests:

test at test/harness/receipt_index.test.ts:138:1
✖ missing capability evidence remains unknown and a mismatching packaged dependency cannot be delivered (55.543708ms)
  AssertionError [ERR_ASSERTION]: Expected values to be strictly equal:
  + actual - expected
  
  + 'linked'
  - 'unknown'
  
      at TestContext.<anonymous> (file://[USER_HOME]/workspaces/workspace-agent-skills/full-aigc-plugins-repositories/filmcraft-plugin/test/harness/receipt_index.test.ts:141:10)
      at Test.runInAsyncScope (node:async_hooks:227:14)
      at Test.run (node:internal/test_runner/test:1325:25)
      at Test.processPendingSubtests (node:internal/test_runner/test:911:18)
      at Test.postRun (node:internal/test_runner/test:1465:19)
      at Test.run (node:internal/test_runner/test:1390:12)
      at async Test.processPendingSubtests (node:internal/test_runner/test:911:7) {
    generatedMessage: true,
    code: 'ERR_ASSERTION',
    actual: 'linked',
    expected: 'unknown',
    operator: 'strictEqual',
    diff: 'simple'
  }
