✔ private host grant binds the exact operation and is re-read for revocation and expiry (5.928041ms)
✔ host grant files reject shared permissions, symlinks and ambiguous JSON (1.278791ms)
✔ actual Python native workflow binds SQL attempts, preserves original project and does not repeat a completed attempt (5436.252375ms)
✔ public task mapping uses registered identity and keeps internal fields in the domain ledger (5.132375ms)
✔ legacy command receipt is linked without rewriting native integers or declaring completion (27.638041ms)
✔ conflicting identity, absent identity and duplicate JSON keys cannot become a successful receipt (30.595959ms)
✔ a moved or replaced candidate makes evidence stale and does not overwrite stored originals (25.448417ms)
✔ receipt paths reject traversal and symlinks before reading their targets (25.262375ms)
✔ strict lossless parsing preserves unsafe native integers and rejects ambiguity (0.17475ms)
✔ plan normalization keeps Python native hashes compatible and refuses duplicate or nonfinite values (88.744833ms)
✔ delivery mapping binds native project, input versions, packaged dependencies and exchange loss without quality PASS (165.143375ms)
✔ missing capability evidence remains unknown and a mismatching packaged dependency cannot be delivered (92.827333ms)
✔ legacy output execution maps declared new inputs separately from inherited project inputs (112.535875ms)
✔ failed-stage receipts retain original bytes and missing historical identities without following stage paths (26.805708ms)
✔ delivery without the same-attempt execution record remains unknown and cannot expose output artifacts (71.821083ms)
✔ execution owner PID must match the attempt and legacy missing process identity stays unknown (93.308041ms)
✔ old artifacts cannot be relabeled as a later task attempt even when plan and runtime match (203.34125ms)
✔ conflicting same-kind observations retain original CAS bytes and do not replace the original association (92.556209ms)
✔ current missing process evidence cannot inherit an older linked conclusion from the receipt index (156.532708ms)
✔ read-only diagnosis sees committed WAL state without changing database, sidecars, projects or missing blob directories (13.317875ms)
✔ damaged database and missing receipts remain structured unknown and never create or overwrite state (2.072167ms)
✔ an actually running detached process remains occupied after its host state becomes unknown (34.662166ms)
✔ lost replies are diagnosed without writes and repaired only with fresh evidence, matching authorization and fenced intent (428.714542ms)
✔ changed candidate, missing export record or missing process identity cannot unlock or repair an unknown task (174.664541ms)
✔ recovery intent survives reopening; an active or expired old recovery owner cannot commit (99.092584ms)
✔ a partial receipt handoff remains diagnostically complete only when both current native records agree (367.239417ms)
✔ legacy ledger snapshots remain read-only and an explicit writer upgrades without replacing task or attempt identities (47.014583ms)
✔ CLI inspect and reconcile are both read-only; unknown diagnosis is explicit (154.96575ms)
✔ freshly requested repair of an already reconciled attempt is read-only and does not create another recovery intent (467.268958ms)
✔ two actual recovery processes cannot apply the same uncertain attempt twice (440.903208ms)
✔ logical task identity corruption is diagnosed as unknown without rewriting corrupt bytes (5.476084ms)
✔ matching authorization references alone cannot authorize state repair (168.263834ms)
✔ expired or revoked host authorization cannot change an uncertain attempt (206.384083ms)
✔ legacy writer must require an explicit verified backup before migration (4.066208ms)
✔ continuation cannot substitute for independent state repair of an executed but uncertain attempt (183.174958ms)
✔ authorization revoked after recovery intent is durable abandons repair without releasing unknown occupancy (306.629833ms)
✔ an exited actual host does not imply its detached controlled child stopped (37.014375ms)
✔ CLI repair checks an actual private host grant rather than trusting reference flags (541.688542ms)
✔ schema1 backup, upgrade and compatible rollback preserve unknown task, attempts, receipts and occupancy (63.661375ms)
✔ schema2 backup, upgrade and compatible rollback preserve unknown task, attempts, receipts and occupancy (50.135333ms)
✔ committed uncheckpointed WAL is preserved in backup and read-only diagnosis cannot alter any original sidecar (36.234125ms)
✔ a changed original during isolated inspection is unknown rather than a reusable old snapshot (6.018208ms)
✔ rollback refuses to discard new task records and does not overwrite the immutable old backup (32.263708ms)
✔ corrupt backups, unsupported ledgers and logical damage cannot be upgraded or claimed (30.843375ms)
✔ maintenance cannot run without authorization or while a live write lease is held (7.118875ms)
✔ an existing empty SQLite database is unknown, never an invitation to initialize FilmCraft state (1.014458ms)
✔ foreign and logically damaged ledgers are rejected before any backup or original SQLite write (5.724333ms)
✔ revocation after backup intent preserves original schema and the complete backup audit (38.854708ms)
✔ matching column names without FilmCraft structural constraints cannot claim a ledger (4.079125ms)
✔ the actual previous installed dev45 core refuses schema3 without editing current state (67.596458ms)
✔ same idempotency key returns the original task; changed identity conflicts without replacing it (4.36025ms)
✔ task IDs cannot overwrite another caller and input versions remain bound (2.200958ms)
✔ project occupancy survives close/reopen and unknown execution does not free the writer (4.245375ms)
✔ expired leases are fenced without automatically taking over or accepting an old completion (2.565292ms)
✔ intent is committed before submission and accepted execution is not completed delivery (3.416292ms)
✔ missing stop confirmation remains unknown; receipts cannot be spliced across attempts (3.145125ms)
✔ deadline and unsupported state database refuse execution without editing user files (1.844334ms)
✔ two actual processes cannot acquire the same project writer (74.304875ms)
✔ aliased output parents share idempotency and occupancy even with a different project key (3.524916ms)
✔ an unrelated SQLite database with user_version 1 is rejected without changing its bytes (1.502459ms)
ℹ tests 60
ℹ suites 0
ℹ pass 60
ℹ fail 0
ℹ cancelled 0
ℹ skipped 0
ℹ todo 0
ℹ duration_ms 11351.522875
