✔ private host grant binds the exact operation and is re-read for revocation and expiry (3.44975ms)
✔ host grant files reject shared permissions, symlinks and ambiguous JSON (1.527917ms)
✔ cancel request persists before signalling, invalidates the writer, and confirms only after native group stops (103.725167ms)
✔ unsupported cancellation retains running process, occupancy, reservation and partial diagnostics after reopen (67.769042ms)
✔ PID reuse or changed birth identity cannot signal a process even when its numeric PID matches (70.173875ms)
✔ lost cancellation reply is recovered from durable request without new attempts or double settlement (100.478ms)
✔ restart after confirmed cancellation but before settlement finishes accounting exactly once (99.574625ms)
✔ parent cancellation fences its running child and prevents any new dependent dispatch (39.683416ms)
✔ revocation before the supported stop action leaves a requested cancellation and running native group (67.513333ms)
✔ an exited actual host leaves its identity-bound detached child running, budget held and cancellation unconfirmed (145.773833ms)
✔ actual cancellation CLI uses a private host grant and requires an explicit signal action (553.562959ms)
✖ actual Python native workflow binds SQL attempts, preserves original project and does not repeat a completed attempt (7913.0275ms)
✔ public task mapping uses registered identity and keeps internal fields in the domain ledger (5.715167ms)
✔ actual temporal/audio fixtures detect synchronization, per-channel clipping and decode failure (2754.416459ms)
✔ request binds candidate, project, input, goal, rubric, execution and reviewer identities without generator commentary (1.238625ms)
✔ a high creative score cannot cover a real decode failure or manufacture user acceptance (0.536042ms)
✔ a known technical failure blocks even when the rubric did not request that dimension (0.225916ms)
✔ a static frame cannot pass synchronization, clipping, subtitle timing, continuity or rhythm (0.245334ms)
✔ missing temporal evidence is explicit and cannot become PASS from an empty required set (0.287916ms)
✔ even complete independent quality PASS is review-ready rather than user-accepted or completed (0.276417ms)
✔ changing candidate changes the review identity and invalidates the old request (0.2445ms)
✔ changing project changes the review identity and invalidates the old request (0.147334ms)
✔ changing inputs changes the review identity and invalidates the old request (0.154208ms)
✔ changing execution changes the review identity and invalidates the old request (0.818167ms)
✔ changing goal changes the review identity and invalidates the old request (0.306834ms)
✔ changing rubric changes the review identity and invalidates the old request (0.132958ms)
✔ changing reviewer changes the review identity and invalidates the old request (0.117958ms)
✔ import requires a trusted independent context verifier; body declarations cannot authorize it (1331.575875ms)
✔ stored PASS cannot replay after candidate changes (426.33375ms)
✔ stored PASS cannot replay after project changes (603.502292ms)
✔ stored PASS cannot replay after input changes (540.467667ms)
✔ stored PASS cannot replay after execution changes (652.4565ms)
✔ stored PASS cannot replay after epoch changes (517.516667ms)
✔ stored PASS cannot replay after goal changes (339.63275ms)
✔ stored PASS cannot replay after rubric changes (383.126958ms)
✔ stored PASS cannot replay after reviewer changes (543.864125ms)
✔ external process receives only frozen work and explicit environment, excludes generator context (782.624375ms)
✔ private review CAS refuses replaced originals (316.791041ms)
✔ legacy command receipt is linked without rewriting native integers or declaring completion (44.992417ms)
✔ conflicting identity, absent identity and duplicate JSON keys cannot become a successful receipt (33.920875ms)
✔ a moved or replaced candidate makes evidence stale and does not overwrite stored originals (33.784458ms)
✔ receipt paths reject traversal and symlinks before reading their targets (30.111458ms)
✔ strict lossless parsing preserves unsafe native integers and rejects ambiguity (0.401292ms)
✔ plan normalization keeps Python native hashes compatible and refuses duplicate or nonfinite values (104.602416ms)
✔ delivery mapping binds native project, input versions, packaged dependencies and exchange loss without quality PASS (196.007583ms)
✔ missing capability evidence remains unknown and a mismatching packaged dependency cannot be delivered (116.303834ms)
✔ legacy output execution maps declared new inputs separately from inherited project inputs (137.874083ms)
✔ failed-stage receipts retain original bytes and missing historical identities without following stage paths (29.967833ms)
✔ delivery without the same-attempt execution record remains unknown and cannot expose output artifacts (82.706459ms)
✔ execution owner PID must match the attempt and legacy missing process identity stays unknown (111.977917ms)
✔ old artifacts cannot be relabeled as a later task attempt even when plan and runtime match (232.272417ms)
✔ conflicting same-kind observations retain original CAS bytes and do not replace the original association (95.213292ms)
✔ current missing process evidence cannot inherit an older linked conclusion from the receipt index (156.340666ms)
✔ read-only diagnosis sees committed WAL state without changing database, sidecars, projects or missing blob directories (12.624792ms)
✔ damaged database and missing receipts remain structured unknown and never create or overwrite state (2.199417ms)
✔ an actually running detached process remains occupied after its host state becomes unknown (35.9845ms)
✔ lost replies are diagnosed without writes and repaired only with fresh evidence, matching authorization and fenced intent (418.077958ms)
✔ changed candidate, missing export record or missing process identity cannot unlock or repair an unknown task (170.773083ms)
✔ recovery intent survives reopening; an active or expired old recovery owner cannot commit (95.91975ms)
✔ a partial receipt handoff remains diagnostically complete only when both current native records agree (372.402541ms)
✔ legacy ledger snapshots remain read-only and an explicit writer upgrades without replacing task or attempt identities (50.839083ms)
✔ CLI inspect and reconcile are both read-only; unknown diagnosis is explicit (155.019042ms)
✔ freshly requested repair of an already reconciled attempt is read-only and does not create another recovery intent (500.138166ms)
✔ two actual recovery processes cannot apply the same uncertain attempt twice (417.431791ms)
✔ logical task identity corruption is diagnosed as unknown without rewriting corrupt bytes (5.964583ms)
✔ matching authorization references alone cannot authorize state repair (163.61775ms)
✔ expired or revoked host authorization cannot change an uncertain attempt (213.478875ms)
✔ legacy writer must require an explicit verified backup before migration (4.223333ms)
✔ continuation cannot substitute for independent state repair of an executed but uncertain attempt (143.624916ms)
✔ authorization revoked after recovery intent is durable abandons repair without releasing unknown occupancy (291.743167ms)
✔ an exited actual host does not imply its detached controlled child stopped (37.518625ms)
✔ CLI repair checks an actual private host grant rather than trusting reference flags (595.424083ms)
✔ reservations survive reopening without a second charge; unknown retains concurrency and disk (17.184625ms)
✔ deterministic rejection for timeMs preserves reason and starts no attempt (3.868667ms)
✔ deterministic rejection for diskBytes preserves reason and starts no attempt (5.223041ms)
✔ deterministic rejection for outputBytes preserves reason and starts no attempt (4.404ms)
✔ deterministic rejection for slots preserves reason and starts no attempt (3.177875ms)
✔ deterministic rejection for revisions preserves reason and starts no attempt (3.471667ms)
✔ physical disk shortage rejects before reservation even when numeric quota permits it (3.100542ms)
✔ parent and child share reservation, deadline, concurrency and revision count (5.872667ms)
✔ expired time reservation halts new dependencies without releasing unknown work (3.863042ms)
✔ schema4 forensic integrity rejects altered consumed accounting before trusting recovered reservations (3.349667ms)
✔ an actual killed reservation owner cannot reset durable charges or create a second reservation (145.509834ms)
✔ schema1 backup, upgrade and compatible rollback preserve unknown task, attempts, receipts and occupancy (113.974583ms)
✔ schema2 backup, upgrade and compatible rollback preserve unknown task, attempts, receipts and occupancy (66.347834ms)
✔ schema3 backup, upgrade and compatible rollback preserve unknown task, attempts, receipts and occupancy (76.171708ms)
✔ committed uncheckpointed WAL is preserved in backup and read-only diagnosis cannot alter any original sidecar (45.066958ms)
✔ a changed original during isolated inspection is unknown rather than a reusable old snapshot (11.644792ms)
✔ rollback refuses to discard new task records and does not overwrite the immutable old backup (43.363042ms)
✔ corrupt backups, unsupported ledgers and logical damage cannot be upgraded or claimed (34.322958ms)
✔ maintenance cannot run without authorization or while a live write lease is held (10.531375ms)
✔ an existing empty SQLite database is unknown, never an invitation to initialize FilmCraft state (1.255375ms)
✔ foreign and logically damaged ledgers are rejected before any backup or original SQLite write (8.173084ms)
✔ revocation after backup intent preserves original schema and the complete backup audit (43.861792ms)
✔ matching column names without FilmCraft structural constraints cannot claim a ledger (6.876ms)
✔ the actual previous installed dev45 core refuses schema4 without editing current state (100.673625ms)
✔ same idempotency key returns the original task; changed identity conflicts without replacing it (16.643084ms)
✔ task IDs cannot overwrite another caller and input versions remain bound (7.898708ms)
✔ project occupancy survives close/reopen and unknown execution does not free the writer (7.241416ms)
✔ expired leases are fenced without automatically taking over or accepting an old completion (4.298792ms)
✔ intent is committed before submission and accepted execution is not completed delivery (11.831667ms)
✔ missing stop confirmation remains unknown; receipts cannot be spliced across attempts (5.486709ms)
✔ deadline and unsupported state database refuse execution without editing user files (3.151583ms)
✔ two actual processes cannot acquire the same project writer (178.728959ms)
✔ aliased output parents share idempotency and occupancy even with a different project key (14.718667ms)
✔ an unrelated SQLite database with user_version 1 is rejected without changing its bytes (4.563083ms)
ℹ tests 106
ℹ suites 0
ℹ pass 105
ℹ fail 1
ℹ cancelled 0
ℹ skipped 0
ℹ todo 0
ℹ duration_ms 25709.384416

✖ failing tests:

test at test/harness/native_workflow.test.ts:19:1
✖ actual Python native workflow binds SQL attempts, preserves original project and does not repeat a completed attempt (7913.0275ms)
  AssertionError [ERR_ASSERTION]: Expected values to be strictly equal:
  + actual - expected
  
  + 'cancel_requested'
  - 'cancelled'
           ^
  
      at TestContext.<anonymous> (file://[PLUGIN_ROOT]/test/harness/native_workflow.test.ts:206:75)
      at async Test.run (node:internal/test_runner/test:1332:7)
      at async startSubtestAfterBootstrap (node:internal/test_runner/harness:385:3) {
    generatedMessage: true,
    code: 'ERR_ASSERTION',
    actual: 'cancel_requested',
    expected: 'cancelled',
    operator: 'strictEqual',
    diff: 'simple'
  }
