✔ private host grant binds the exact operation and is re-read for revocation and expiry (2.915042ms)
✔ host grant files reject shared permissions, symlinks and ambiguous JSON (0.979208ms)
✔ cancel request persists before signalling, invalidates the writer, and confirms only after native group stops (96.361416ms)
✔ unsupported cancellation retains running process, occupancy, reservation and partial diagnostics after reopen (64.619625ms)
✔ PID reuse or changed birth identity cannot signal a process even when its numeric PID matches (61.755083ms)
✔ lost cancellation reply is recovered from durable request without new attempts or double settlement (88.842542ms)
✔ restart after confirmed cancellation but before settlement finishes accounting exactly once (85.37925ms)
✔ parent cancellation fences its running child and prevents any new dependent dispatch (34.912667ms)
✔ revocation before the supported stop action leaves a requested cancellation and running native group (59.859375ms)
✔ an exited actual host leaves its identity-bound detached child running, budget held and cancellation unconfirmed (130.834ms)
✔ actual cancellation CLI uses a private host grant and requires an explicit signal action (516.784458ms)
✔ actual Python native workflow binds SQL attempts, preserves original project and does not repeat a completed attempt (21863.21825ms)
✔ public task mapping uses registered identity and keeps internal fields in the domain ledger (5.058334ms)
✔ actual temporal/audio fixtures detect synchronization, per-channel clipping and decode failure (2492.04925ms)
✔ request binds candidate, project, input, goal, rubric, execution and reviewer identities without generator commentary (0.953917ms)
✔ a high creative score cannot cover a real decode failure or manufacture user acceptance (0.509125ms)
✔ a known technical failure blocks even when the rubric did not request that dimension (0.212125ms)
✔ a static frame cannot pass synchronization, clipping, subtitle timing, continuity or rhythm (0.226083ms)
✔ missing temporal evidence is explicit and cannot become PASS from an empty required set (0.189ms)
✔ even complete independent quality PASS is review-ready rather than user-accepted or completed (0.258375ms)
✔ changing candidate changes the review identity and invalidates the old request (0.230125ms)
✔ changing project changes the review identity and invalidates the old request (0.149375ms)
✔ changing inputs changes the review identity and invalidates the old request (0.151ms)
✔ changing execution changes the review identity and invalidates the old request (0.5215ms)
✔ changing goal changes the review identity and invalidates the old request (0.135667ms)
✔ changing rubric changes the review identity and invalidates the old request (0.097667ms)
✔ changing reviewer changes the review identity and invalidates the old request (0.106541ms)
✔ import requires a trusted independent context verifier; body declarations cannot authorize it (701.485625ms)
✔ stored PASS cannot replay after candidate changes (218.907208ms)
✔ stored PASS cannot replay after project changes (217.51875ms)
✔ stored PASS cannot replay after input changes (214.713041ms)
✔ stored PASS cannot replay after execution changes (239.040875ms)
✔ stored PASS cannot replay after epoch changes (237.722875ms)
✔ stored PASS cannot replay after goal changes (196.997375ms)
✔ stored PASS cannot replay after rubric changes (197.585917ms)
✔ stored PASS cannot replay after reviewer changes (209.736292ms)
✔ external process receives only frozen work and explicit environment, excludes generator context (281.386166ms)
✔ private review CAS refuses replaced originals (111.065875ms)
✔ candidate mutation during trusted context verification cannot commit a successful receipt (176.063458ms)
✔ legacy command receipt is linked without rewriting native integers or declaring completion (27.529667ms)
✔ conflicting identity, absent identity and duplicate JSON keys cannot become a successful receipt (25.278708ms)
✔ a moved or replaced candidate makes evidence stale and does not overwrite stored originals (25.457417ms)
✔ receipt paths reject traversal and symlinks before reading their targets (23.769042ms)
✔ strict lossless parsing preserves unsafe native integers and rejects ambiguity (0.171167ms)
✔ plan normalization keeps Python native hashes compatible and refuses duplicate or nonfinite values (82.340292ms)
✔ delivery mapping binds native project, input versions, packaged dependencies and exchange loss without quality PASS (151.375709ms)
✔ missing capability evidence remains unknown and a mismatching packaged dependency cannot be delivered (89.167583ms)
✔ legacy output execution maps declared new inputs separately from inherited project inputs (110.754792ms)
✔ failed-stage receipts retain original bytes and missing historical identities without following stage paths (25.276916ms)
✔ delivery without the same-attempt execution record remains unknown and cannot expose output artifacts (67.65625ms)
✔ execution owner PID must match the attempt and legacy missing process identity stays unknown (86.806041ms)
✔ old artifacts cannot be relabeled as a later task attempt even when plan and runtime match (194.128333ms)
✔ conflicting same-kind observations retain original CAS bytes and do not replace the original association (89.818834ms)
✔ current missing process evidence cannot inherit an older linked conclusion from the receipt index (150.281583ms)
✔ read-only diagnosis sees committed WAL state without changing database, sidecars, projects or missing blob directories (13.850792ms)
✔ damaged database and missing receipts remain structured unknown and never create or overwrite state (2.425625ms)
✔ an actually running detached process remains occupied after its host state becomes unknown (34.502083ms)
✔ lost replies are diagnosed without writes and repaired only with fresh evidence, matching authorization and fenced intent (408.946167ms)
✔ changed candidate, missing export record or missing process identity cannot unlock or repair an unknown task (167.517292ms)
✔ recovery intent survives reopening; an active or expired old recovery owner cannot commit (95.332542ms)
✔ a partial receipt handoff remains diagnostically complete only when both current native records agree (360.330042ms)
✔ legacy ledger snapshots remain read-only and an explicit writer upgrades without replacing task or attempt identities (43.222958ms)
✔ CLI inspect and reconcile are both read-only; unknown diagnosis is explicit (158.95875ms)
✔ freshly requested repair of an already reconciled attempt is read-only and does not create another recovery intent (448.935833ms)
✔ two actual recovery processes cannot apply the same uncertain attempt twice (396.753375ms)
✔ logical task identity corruption is diagnosed as unknown without rewriting corrupt bytes (5.159917ms)
✔ matching authorization references alone cannot authorize state repair (140.3125ms)
✔ expired or revoked host authorization cannot change an uncertain attempt (189.323875ms)
✔ legacy writer must require an explicit verified backup before migration (4.945ms)
✔ continuation cannot substitute for independent state repair of an executed but uncertain attempt (141.945959ms)
✔ authorization revoked after recovery intent is durable abandons repair without releasing unknown occupancy (279.691ms)
✔ an exited actual host does not imply its detached controlled child stopped (33.047ms)
✔ CLI repair checks an actual private host grant rather than trusting reference flags (519.518125ms)
✔ reservations survive reopening without a second charge; unknown retains concurrency and disk (6.783334ms)
✔ deterministic rejection for timeMs preserves reason and starts no attempt (2.822917ms)
✔ deterministic rejection for diskBytes preserves reason and starts no attempt (2.232542ms)
✔ deterministic rejection for outputBytes preserves reason and starts no attempt (2.390375ms)
✔ deterministic rejection for slots preserves reason and starts no attempt (2.8775ms)
✔ deterministic rejection for revisions preserves reason and starts no attempt (2.67175ms)
✔ physical disk shortage rejects before reservation even when numeric quota permits it (2.327ms)
✔ parent and child share reservation, deadline, concurrency and revision count (3.364958ms)
✔ expired time reservation halts new dependencies without releasing unknown work (2.431583ms)
✔ schema4 forensic integrity rejects altered consumed accounting before trusting recovered reservations (2.885291ms)
✔ an actual killed reservation owner cannot reset durable charges or create a second reservation (68.607542ms)
✔ persisted policy cannot reset rounds or expand field/goal scope; original authorization reference is reused (2193.338333ms)
✔ a new candidate needs its own review; old task PASS cannot be relabeled (2483.877542ms)
✔ non-target mutation rejects candidate and retains original verified best (1658.261166ms)
✔ failure limit retains a verified best and unresolved technical findings (2364.857042ms)
✔ stagnation_limit stops with explicit null when no candidate is verified (2354.971541ms)
✔ round_limit stops with explicit null when no candidate is verified (2328.492166ms)
✔ unknown pending round blocks dispatch and cannot reuse its slot after a restart (1928.130833ms)
✔ budget stop and stale best remain explicit; no last candidate is promoted (1750.69025ms)
✔ state integrity refuses a modified round rather than trusting stored self-evaluation (1532.887625ms)
✔ goal or rubric change invalidates all previous best evidence and permanently fences dispatch (1497.670083ms)
✔ local scope compiles pinned source, target and no-ripple commands; relocation retains identity (1.679375ms)
✔ stale project and unknown target reject before a native plan can be used (0.592916ms)
✔ revision rejects field drift rather than approving the candidate (0.416708ms)
✔ revision rejects track drift rather than approving the candidate (0.309958ms)
✔ revision rejects dependency drift rather than approving the candidate (0.210166ms)
✔ revision rejects interval drift rather than approving the candidate (0.19325ms)
✔ revision rejects wrong-result drift rather than approving the candidate (0.169584ms)
✔ unsupported operation, ripple, owner, broad object field and dependency scope are refused (0.280334ms)
✔ schema1 backup, upgrade and compatible rollback preserve unknown task, attempts, receipts and occupancy (56.436875ms)
✔ schema2 backup, upgrade and compatible rollback preserve unknown task, attempts, receipts and occupancy (56.6565ms)
✔ schema3 backup, upgrade and compatible rollback preserve unknown task, attempts, receipts and occupancy (56.487375ms)
✔ schema4 backup, upgrade and compatible rollback preserve unknown task, attempts, receipts and occupancy (76.289ms)
✔ committed uncheckpointed WAL is preserved in backup and read-only diagnosis cannot alter any original sidecar (131.55575ms)
✔ a changed original during isolated inspection is unknown rather than a reusable old snapshot (23.207917ms)
✔ rollback refuses to discard new task records and does not overwrite the immutable old backup (78.197833ms)
✔ corrupt backups, unsupported ledgers and logical damage cannot be upgraded or claimed (114.4315ms)
✔ maintenance cannot run without authorization or while a live write lease is held (39.643875ms)
✔ an existing empty SQLite database is unknown, never an invitation to initialize FilmCraft state (4.3665ms)
✔ foreign and logically damaged ledgers are rejected before any backup or original SQLite write (28.1505ms)
✔ revocation after backup intent preserves original schema and the complete backup audit (66.131792ms)
✔ matching column names without FilmCraft structural constraints cannot claim a ledger (19.452375ms)
✔ the actual previous installed dev45 core refuses schema5 without editing current state (119.674334ms)
✔ same idempotency key returns the original task; changed identity conflicts without replacing it (5.449875ms)
✔ task IDs cannot overwrite another caller and input versions remain bound (2.907208ms)
✔ project occupancy survives close/reopen and unknown execution does not free the writer (6.474917ms)
✔ expired leases are fenced without automatically taking over or accepting an old completion (8.769208ms)
✔ intent is committed before submission and accepted execution is not completed delivery (9.759709ms)
✔ missing stop confirmation remains unknown; receipts cannot be spliced across attempts (9.062292ms)
✔ deadline and unsupported state database refuse execution without editing user files (8.416542ms)
✔ two actual processes cannot acquire the same project writer (109.631292ms)
✔ aliased output parents share idempotency and occupancy even with a different project key (3.670625ms)
✔ an unrelated SQLite database with user_version 1 is rejected without changing its bytes (1.995458ms)
ℹ tests 126
ℹ suites 0
ℹ pass 126
ℹ fail 0
ℹ cancelled 0
ℹ skipped 0
ℹ todo 0
ℹ duration_ms 55440.849625
