✔ private host grant binds the exact operation and is re-read for revocation and expiry (3.76825ms)
✔ host grant files reject shared permissions, symlinks and ambiguous JSON (1.012792ms)
✔ cancel request persists before signalling, invalidates the writer, and confirms only after native group stops (100.892375ms)
✔ unsupported cancellation retains running process, occupancy, reservation and partial diagnostics after reopen (67.436375ms)
✔ PID reuse or changed birth identity cannot signal a process even when its numeric PID matches (64.253959ms)
✔ lost cancellation reply is recovered from durable request without new attempts or double settlement (93.358166ms)
✔ restart after confirmed cancellation but before settlement finishes accounting exactly once (94.284958ms)
✔ parent cancellation fences its running child and prevents any new dependent dispatch (36.870834ms)
✔ revocation before the supported stop action leaves a requested cancellation and running native group (62.939625ms)
✔ an exited actual host leaves its identity-bound detached child running, budget held and cancellation unconfirmed (141.094334ms)
✔ actual cancellation CLI uses a private host grant and requires an explicit signal action (582.51275ms)
✔ actual Python native workflow binds SQL attempts, preserves original project and does not repeat a completed attempt (13796.162042ms)
✔ public task mapping uses registered identity and keeps internal fields in the domain ledger (5.863625ms)
✔ actual temporal/audio fixtures detect synchronization, per-channel clipping and decode failure (2595.78275ms)
✔ request binds candidate, project, input, goal, rubric, execution and reviewer identities without generator commentary (1.195375ms)
✔ a high creative score cannot cover a real decode failure or manufacture user acceptance (0.554541ms)
✔ a known technical failure blocks even when the rubric did not request that dimension (0.221125ms)
✔ a static frame cannot pass synchronization, clipping, subtitle timing, continuity or rhythm (0.239542ms)
✔ missing temporal evidence is explicit and cannot become PASS from an empty required set (0.1985ms)
✔ even complete independent quality PASS is review-ready rather than user-accepted or completed (0.278ms)
✔ changing candidate changes the review identity and invalidates the old request (0.241917ms)
✔ changing project changes the review identity and invalidates the old request (0.148125ms)
✔ changing inputs changes the review identity and invalidates the old request (0.158459ms)
✔ changing execution changes the review identity and invalidates the old request (0.651ms)
✔ changing goal changes the review identity and invalidates the old request (0.158708ms)
✔ changing rubric changes the review identity and invalidates the old request (0.116958ms)
✔ changing reviewer changes the review identity and invalidates the old request (0.111375ms)
✔ import requires a trusted independent context verifier; body declarations cannot authorize it (801.490792ms)
✔ stored PASS cannot replay after candidate changes (249.452ms)
✔ stored PASS cannot replay after project changes (244.627417ms)
✔ stored PASS cannot replay after input changes (252.723166ms)
✔ stored PASS cannot replay after execution changes (271.967ms)
✔ stored PASS cannot replay after epoch changes (274.689542ms)
✔ stored PASS cannot replay after goal changes (212.550542ms)
✔ stored PASS cannot replay after rubric changes (223.002709ms)
✔ stored PASS cannot replay after reviewer changes (243.647917ms)
✔ external process receives only frozen work and explicit environment, excludes generator context (389.581125ms)
✔ private review CAS refuses replaced originals (130.89925ms)
✔ candidate mutation during trusted context verification cannot commit a successful receipt (207.199292ms)
✔ legacy command receipt is linked without rewriting native integers or declaring completion (31.925542ms)
✔ conflicting identity, absent identity and duplicate JSON keys cannot become a successful receipt (28.289833ms)
✔ a moved or replaced candidate makes evidence stale and does not overwrite stored originals (28.952291ms)
✔ receipt paths reject traversal and symlinks before reading their targets (27.949625ms)
✔ strict lossless parsing preserves unsafe native integers and rejects ambiguity (0.199542ms)
✔ plan normalization keeps Python native hashes compatible and refuses duplicate or nonfinite values (97.199583ms)
✔ delivery mapping binds native project, input versions, packaged dependencies and exchange loss without quality PASS (170.158583ms)
✔ missing capability evidence remains unknown and a mismatching packaged dependency cannot be delivered (97.022375ms)
✔ legacy output execution maps declared new inputs separately from inherited project inputs (120.149666ms)
✔ failed-stage receipts retain original bytes and missing historical identities without following stage paths (28.299375ms)
✔ delivery without the same-attempt execution record remains unknown and cannot expose output artifacts (73.712083ms)
✔ execution owner PID must match the attempt and legacy missing process identity stays unknown (92.470291ms)
✔ old artifacts cannot be relabeled as a later task attempt even when plan and runtime match (210.122625ms)
✔ conflicting same-kind observations retain original CAS bytes and do not replace the original association (98.2485ms)
✔ current missing process evidence cannot inherit an older linked conclusion from the receipt index (167.552292ms)
✔ read-only diagnosis sees committed WAL state without changing database, sidecars, projects or missing blob directories (13.964458ms)
✔ damaged database and missing receipts remain structured unknown and never create or overwrite state (2.645042ms)
✔ an actually running detached process remains occupied after its host state becomes unknown (37.109333ms)
✔ lost replies are diagnosed without writes and repaired only with fresh evidence, matching authorization and fenced intent (448.101292ms)
✔ changed candidate, missing export record or missing process identity cannot unlock or repair an unknown task (171.910583ms)
✔ recovery intent survives reopening; an active or expired old recovery owner cannot commit (97.580625ms)
✔ a partial receipt handoff remains diagnostically complete only when both current native records agree (372.672417ms)
✔ legacy ledger snapshots remain read-only and an explicit writer upgrades without replacing task or attempt identities (55.139167ms)
✔ CLI inspect and reconcile are both read-only; unknown diagnosis is explicit (161.228375ms)
✔ freshly requested repair of an already reconciled attempt is read-only and does not create another recovery intent (470.304792ms)
✔ two actual recovery processes cannot apply the same uncertain attempt twice (429.084041ms)
✔ logical task identity corruption is diagnosed as unknown without rewriting corrupt bytes (5.413333ms)
✔ matching authorization references alone cannot authorize state repair (145.165459ms)
✔ expired or revoked host authorization cannot change an uncertain attempt (197.264916ms)
✔ legacy writer must require an explicit verified backup before migration (4.57875ms)
✔ continuation cannot substitute for independent state repair of an executed but uncertain attempt (148.238291ms)
✔ authorization revoked after recovery intent is durable abandons repair without releasing unknown occupancy (296.918459ms)
✔ an exited actual host does not imply its detached controlled child stopped (35.065208ms)
✔ CLI repair checks an actual private host grant rather than trusting reference flags (544.653958ms)
✔ reservations survive reopening without a second charge; unknown retains concurrency and disk (7.611ms)
✔ deterministic rejection for timeMs preserves reason and starts no attempt (3.634125ms)
✔ deterministic rejection for diskBytes preserves reason and starts no attempt (3.325166ms)
✔ deterministic rejection for outputBytes preserves reason and starts no attempt (2.705042ms)
✔ deterministic rejection for slots preserves reason and starts no attempt (2.878625ms)
✔ deterministic rejection for revisions preserves reason and starts no attempt (2.685584ms)
✔ physical disk shortage rejects before reservation even when numeric quota permits it (2.539584ms)
✔ parent and child share reservation, deadline, concurrency and revision count (5.479166ms)
✔ expired time reservation halts new dependencies without releasing unknown work (3.022917ms)
✔ schema4 forensic integrity rejects altered consumed accounting before trusting recovered reservations (2.960375ms)
✔ an actual killed reservation owner cannot reset durable charges or create a second reservation (69.788791ms)
✔ schema1 backup, upgrade and compatible rollback preserve unknown task, attempts, receipts and occupancy (67.922042ms)
✔ schema2 backup, upgrade and compatible rollback preserve unknown task, attempts, receipts and occupancy (58.737333ms)
✔ schema3 backup, upgrade and compatible rollback preserve unknown task, attempts, receipts and occupancy (57.377292ms)
✔ committed uncheckpointed WAL is preserved in backup and read-only diagnosis cannot alter any original sidecar (39.568208ms)
✔ a changed original during isolated inspection is unknown rather than a reusable old snapshot (9.721625ms)
✔ rollback refuses to discard new task records and does not overwrite the immutable old backup (34.82825ms)
✔ corrupt backups, unsupported ledgers and logical damage cannot be upgraded or claimed (34.59925ms)
✔ maintenance cannot run without authorization or while a live write lease is held (9.271875ms)
✔ an existing empty SQLite database is unknown, never an invitation to initialize FilmCraft state (0.966875ms)
✔ foreign and logically damaged ledgers are rejected before any backup or original SQLite write (6.788666ms)
✔ revocation after backup intent preserves original schema and the complete backup audit (34.855958ms)
✔ matching column names without FilmCraft structural constraints cannot claim a ledger (4.610292ms)
✔ the actual previous installed dev45 core refuses schema4 without editing current state (68.060125ms)
✔ same idempotency key returns the original task; changed identity conflicts without replacing it (4.704459ms)
✔ task IDs cannot overwrite another caller and input versions remain bound (2.184375ms)
✔ project occupancy survives close/reopen and unknown execution does not free the writer (5.114708ms)
✔ expired leases are fenced without automatically taking over or accepting an old completion (2.50225ms)
✔ intent is committed before submission and accepted execution is not completed delivery (4.144375ms)
✔ missing stop confirmation remains unknown; receipts cannot be spliced across attempts (3.25475ms)
✔ deadline and unsupported state database refuse execution without editing user files (2.693333ms)
✔ two actual processes cannot acquire the same project writer (73.937125ms)
✔ aliased output parents share idempotency and occupancy even with a different project key (4.028958ms)
✔ an unrelated SQLite database with user_version 1 is rejected without changing its bytes (2.286042ms)
ℹ tests 107
ℹ suites 0
ℹ pass 107
ℹ fail 0
ℹ cancelled 0
ℹ skipped 0
ℹ todo 0
ℹ duration_ms 27674.805375
