✔ private host grant binds the exact operation and is re-read for revocation and expiry (3.318833ms)
✔ host grant files reject shared permissions, symlinks and ambiguous JSON (1.156042ms)
✔ cancel request persists before signalling, invalidates the writer, and confirms only after native group stops (120.73125ms)
✔ unsupported cancellation retains running process, occupancy, reservation and partial diagnostics after reopen (86.075834ms)
✔ PID reuse or changed birth identity cannot signal a process even when its numeric PID matches (76.68325ms)
✔ lost cancellation reply is recovered from durable request without new attempts or double settlement (118.990917ms)
✔ restart after confirmed cancellation but before settlement finishes accounting exactly once (111.77625ms)
✔ parent cancellation fences its running child and prevents any new dependent dispatch (42.221291ms)
✔ revocation before the supported stop action leaves a requested cancellation and running native group (76.472416ms)
✔ an exited actual host leaves its identity-bound detached child running, budget held and cancellation unconfirmed (151.783417ms)
✔ actual cancellation CLI uses a private host grant and requires an explicit signal action (615.524417ms)
✔ actual Python native workflow binds SQL attempts, preserves original project and does not repeat a completed attempt (17249.5895ms)
✔ public task mapping uses registered identity and keeps internal fields in the domain ledger (4.85875ms)
✔ actual temporal/audio fixtures detect synchronization, per-channel clipping and decode failure (2542.716584ms)
✔ request binds candidate, project, input, goal, rubric, execution and reviewer identities without generator commentary (1.140083ms)
✔ a high creative score cannot cover a real decode failure or manufacture user acceptance (0.721834ms)
✔ a known technical failure blocks even when the rubric did not request that dimension (0.2455ms)
✔ a static frame cannot pass synchronization, clipping, subtitle timing, continuity or rhythm (0.261459ms)
✔ missing temporal evidence is explicit and cannot become PASS from an empty required set (0.199875ms)
✔ even complete independent quality PASS is review-ready rather than user-accepted or completed (0.284916ms)
✔ changing candidate changes the review identity and invalidates the old request (0.252625ms)
✔ changing project changes the review identity and invalidates the old request (0.148834ms)
✔ changing inputs changes the review identity and invalidates the old request (0.166875ms)
✔ changing execution changes the review identity and invalidates the old request (0.552458ms)
✔ changing goal changes the review identity and invalidates the old request (0.200542ms)
✔ changing rubric changes the review identity and invalidates the old request (0.132042ms)
✔ changing reviewer changes the review identity and invalidates the old request (0.117166ms)
✔ import requires a trusted independent context verifier; body declarations cannot authorize it (818.037417ms)
✔ stored PASS cannot replay after candidate changes (242.933292ms)
✔ stored PASS cannot replay after project changes (244.15ms)
✔ stored PASS cannot replay after input changes (246.963125ms)
✔ stored PASS cannot replay after execution changes (293.478375ms)
✔ stored PASS cannot replay after epoch changes (288.986959ms)
✔ stored PASS cannot replay after goal changes (223.763958ms)
✔ stored PASS cannot replay after rubric changes (222.563666ms)
✔ stored PASS cannot replay after reviewer changes (224.803458ms)
✔ external process receives only frozen work and explicit environment, excludes generator context (306.743875ms)
✔ private review CAS refuses replaced originals (119.489958ms)
✔ candidate mutation during trusted context verification cannot commit a successful receipt (199.899792ms)
✔ legacy command receipt is linked without rewriting native integers or declaring completion (29.20775ms)
✔ conflicting identity, absent identity and duplicate JSON keys cannot become a successful receipt (28.721167ms)
✔ a moved or replaced candidate makes evidence stale and does not overwrite stored originals (28.250417ms)
✔ receipt paths reject traversal and symlinks before reading their targets (25.786834ms)
✔ strict lossless parsing preserves unsafe native integers and rejects ambiguity (0.256ms)
✔ plan normalization keeps Python native hashes compatible and refuses duplicate or nonfinite values (85.7685ms)
✔ delivery mapping binds native project, input versions, packaged dependencies and exchange loss without quality PASS (170.018291ms)
✔ missing capability evidence remains unknown and a mismatching packaged dependency cannot be delivered (98.649292ms)
✔ legacy output execution maps declared new inputs separately from inherited project inputs (126.406959ms)
✔ failed-stage receipts retain original bytes and missing historical identities without following stage paths (28.023917ms)
✔ delivery without the same-attempt execution record remains unknown and cannot expose output artifacts (84.950458ms)
✔ execution owner PID must match the attempt and legacy missing process identity stays unknown (97.765333ms)
✔ old artifacts cannot be relabeled as a later task attempt even when plan and runtime match (228.57325ms)
✔ conflicting same-kind observations retain original CAS bytes and do not replace the original association (121.968333ms)
✔ current missing process evidence cannot inherit an older linked conclusion from the receipt index (185.704375ms)
✔ read-only diagnosis sees committed WAL state without changing database, sidecars, projects or missing blob directories (16.861541ms)
✔ damaged database and missing receipts remain structured unknown and never create or overwrite state (3.2015ms)
✔ an actually running detached process remains occupied after its host state becomes unknown (43.408875ms)
✔ lost replies are diagnosed without writes and repaired only with fresh evidence, matching authorization and fenced intent (509.857875ms)
✔ changed candidate, missing export record or missing process identity cannot unlock or repair an unknown task (194.436625ms)
✔ recovery intent survives reopening; an active or expired old recovery owner cannot commit (100.21125ms)
✔ a partial receipt handoff remains diagnostically complete only when both current native records agree (389.413084ms)
✔ legacy ledger snapshots remain read-only and an explicit writer upgrades without replacing task or attempt identities (56.640416ms)
✔ CLI inspect and reconcile are both read-only; unknown diagnosis is explicit (172.584417ms)
✔ freshly requested repair of an already reconciled attempt is read-only and does not create another recovery intent (513.029ms)
✔ two actual recovery processes cannot apply the same uncertain attempt twice (464.838333ms)
✔ logical task identity corruption is diagnosed as unknown without rewriting corrupt bytes (6.343958ms)
✔ matching authorization references alone cannot authorize state repair (160.794666ms)
✔ expired or revoked host authorization cannot change an uncertain attempt (227.891ms)
✔ legacy writer must require an explicit verified backup before migration (7.271417ms)
✔ continuation cannot substitute for independent state repair of an executed but uncertain attempt (158.836ms)
✔ authorization revoked after recovery intent is durable abandons repair without releasing unknown occupancy (315.51675ms)
✔ an exited actual host does not imply its detached controlled child stopped (39.301917ms)
✔ CLI repair checks an actual private host grant rather than trusting reference flags (582.236208ms)
✔ reservations survive reopening without a second charge; unknown retains concurrency and disk (7.564209ms)
✔ deterministic rejection for timeMs preserves reason and starts no attempt (4.578708ms)
✔ deterministic rejection for diskBytes preserves reason and starts no attempt (3.662042ms)
✔ deterministic rejection for outputBytes preserves reason and starts no attempt (2.876958ms)
✔ deterministic rejection for slots preserves reason and starts no attempt (3.33225ms)
✔ deterministic rejection for revisions preserves reason and starts no attempt (2.905291ms)
✔ physical disk shortage rejects before reservation even when numeric quota permits it (3.148458ms)
✔ parent and child share reservation, deadline, concurrency and revision count (4.906083ms)
✔ expired time reservation halts new dependencies without releasing unknown work (2.671ms)
✔ schema4 forensic integrity rejects altered consumed accounting before trusting recovered reservations (3.702667ms)
✔ an actual killed reservation owner cannot reset durable charges or create a second reservation (82.133417ms)
✔ persisted policy cannot reset rounds or expand field/goal scope; original authorization reference is reused (2858.10625ms)
✔ a new candidate needs its own review; old task PASS cannot be relabeled (3043.846625ms)
✔ non-target mutation rejects candidate and retains original verified best (2186.777584ms)
✔ failure limit retains a verified best and unresolved technical findings (2732.186833ms)
✔ stagnation_limit stops with explicit null when no candidate is verified (2777.852333ms)
✔ round_limit stops with explicit null when no candidate is verified (2779.516875ms)
✔ unknown pending round blocks dispatch and cannot reuse its slot after a restart (2334.546709ms)
✔ budget stop and stale best remain explicit; no last candidate is promoted (2033.418792ms)
✔ state integrity refuses a modified round rather than trusting stored self-evaluation (1923.969833ms)
✔ goal or rubric change invalidates all previous best evidence and permanently fences dispatch (1671.962416ms)
✔ local scope compiles pinned source, target and no-ripple commands; relocation retains identity (3.496625ms)
✔ stale project and unknown target reject before a native plan can be used (0.518208ms)
✔ revision rejects field drift rather than approving the candidate (0.739083ms)
✔ revision rejects track drift rather than approving the candidate (0.474583ms)
✔ revision rejects dependency drift rather than approving the candidate (0.313833ms)
✔ revision rejects interval drift rather than approving the candidate (0.24675ms)
✔ revision rejects wrong-result drift rather than approving the candidate (0.200417ms)
✔ unsupported operation, ripple, owner, broad object field and dependency scope are refused (0.34125ms)
✔ schema1 backup, upgrade and compatible rollback preserve unknown task, attempts, receipts and occupancy (79.370709ms)
✔ schema2 backup, upgrade and compatible rollback preserve unknown task, attempts, receipts and occupancy (59.644875ms)
✔ schema3 backup, upgrade and compatible rollback preserve unknown task, attempts, receipts and occupancy (58.713083ms)
✔ schema4 backup, upgrade and compatible rollback preserve unknown task, attempts, receipts and occupancy (55.3345ms)
✔ committed uncheckpointed WAL is preserved in backup and read-only diagnosis cannot alter any original sidecar (46.778125ms)
✔ a changed original during isolated inspection is unknown rather than a reusable old snapshot (9.316125ms)
✔ rollback refuses to discard new task records and does not overwrite the immutable old backup (41.84875ms)
✔ corrupt backups, unsupported ledgers and logical damage cannot be upgraded or claimed (32.67525ms)
✔ maintenance cannot run without authorization or while a live write lease is held (10.661375ms)
✔ an existing empty SQLite database is unknown, never an invitation to initialize FilmCraft state (1.083125ms)
✔ foreign and logically damaged ledgers are rejected before any backup or original SQLite write (6.722209ms)
✔ revocation after backup intent preserves original schema and the complete backup audit (39.465417ms)
✔ matching column names without FilmCraft structural constraints cannot claim a ledger (5.927833ms)
✔ the actual previous installed dev45 core refuses schema5 without editing current state (71.114542ms)
✔ same idempotency key returns the original task; changed identity conflicts without replacing it (5.108791ms)
✔ task IDs cannot overwrite another caller and input versions remain bound (2.250125ms)
✔ project occupancy survives close/reopen and unknown execution does not free the writer (4.958083ms)
✔ expired leases are fenced without automatically taking over or accepting an old completion (3.076666ms)
✔ intent is committed before submission and accepted execution is not completed delivery (4.591916ms)
✔ missing stop confirmation remains unknown; receipts cannot be spliced across attempts (3.028292ms)
✔ deadline and unsupported state database refuse execution without editing user files (2.720084ms)
✔ two actual processes cannot acquire the same project writer (74.91175ms)
✔ aliased output parents share idempotency and occupancy even with a different project key (3.695417ms)
✔ an unrelated SQLite database with user_version 1 is rejected without changing its bytes (1.749875ms)
ℹ tests 126
ℹ suites 0
ℹ pass 126
ℹ fail 0
ℹ cancelled 0
ℹ skipped 0
ℹ todo 0
ℹ duration_ms 56254.461917
