✔ private host grant binds the exact operation and is re-read for revocation and expiry (4.165042ms)
✔ host grant files reject shared permissions, symlinks and ambiguous JSON (3.696917ms)
✔ cancel request persists before signalling, invalidates the writer, and confirms only after native group stops (130.038167ms)
✔ unsupported cancellation retains running process, occupancy, reservation and partial diagnostics after reopen (96.306083ms)
✔ PID reuse or changed birth identity cannot signal a process even when its numeric PID matches (96.934583ms)
✔ lost cancellation reply is recovered from durable request without new attempts or double settlement (187.084875ms)
✔ restart after confirmed cancellation but before settlement finishes accounting exactly once (146.596625ms)
✔ parent cancellation fences its running child and prevents any new dependent dispatch (50.311542ms)
✔ revocation before the supported stop action leaves a requested cancellation and running native group (95.771666ms)
✔ an exited actual host leaves its identity-bound detached child running, budget held and cancellation unconfirmed (247.629125ms)
✔ actual cancellation CLI uses a private host grant and requires an explicit signal action (863.872375ms)
✔ actual Python native workflow binds SQL attempts, preserves original project and does not repeat a completed attempt (10836.724792ms)
✔ public task mapping uses registered identity and keeps internal fields in the domain ledger (7.544792ms)
✔ actual temporal/audio fixtures detect synchronization, per-channel clipping and decode failure (6146.900375ms)
✔ request binds candidate, project, input, goal, rubric, execution and reviewer identities without generator commentary (2.844125ms)
✔ a high creative score cannot cover a real decode failure or manufacture user acceptance (0.6505ms)
✔ a known technical failure blocks even when the rubric did not request that dimension (0.240584ms)
✔ a static frame cannot pass synchronization, clipping, subtitle timing, continuity or rhythm (0.261208ms)
✔ missing temporal evidence is explicit and cannot become PASS from an empty required set (0.212875ms)
✔ even complete independent quality PASS is review-ready rather than user-accepted or completed (0.283291ms)
✔ changing candidate changes the review identity and invalidates the old request (0.275833ms)
✔ changing project changes the review identity and invalidates the old request (0.16075ms)
✔ changing inputs changes the review identity and invalidates the old request (0.156416ms)
✔ changing execution changes the review identity and invalidates the old request (1.412125ms)
✔ changing goal changes the review identity and invalidates the old request (0.385583ms)
✔ changing rubric changes the review identity and invalidates the old request (0.14075ms)
✔ changing reviewer changes the review identity and invalidates the old request (0.132625ms)
✔ import requires a trusted independent context verifier; body declarations cannot authorize it (1503.48025ms)
✔ stored PASS cannot replay after candidate changes (516.438083ms)
✔ stored PASS cannot replay after project changes (666.77225ms)
✔ stored PASS cannot replay after input changes (615.039125ms)
✔ stored PASS cannot replay after execution changes (597.510625ms)
✔ stored PASS cannot replay after epoch changes (510.510083ms)
✔ stored PASS cannot replay after goal changes (364.128084ms)
✔ stored PASS cannot replay after rubric changes (415.347959ms)
✔ stored PASS cannot replay after reviewer changes (359.901458ms)
✔ external process receives only frozen work and explicit environment, excludes generator context (432.8225ms)
✔ private review CAS refuses replaced originals (199.564959ms)
✔ candidate mutation during trusted context verification cannot commit a successful receipt (337.280834ms)
✔ legacy command receipt is linked without rewriting native integers or declaring completion (84.011875ms)
✔ conflicting identity, absent identity and duplicate JSON keys cannot become a successful receipt (85.224625ms)
✔ a moved or replaced candidate makes evidence stale and does not overwrite stored originals (44.443417ms)
✔ receipt paths reject traversal and symlinks before reading their targets (43.615208ms)
✔ strict lossless parsing preserves unsafe native integers and rejects ambiguity (0.239167ms)
✔ plan normalization keeps Python native hashes compatible and refuses duplicate or nonfinite values (160.567416ms)
✔ delivery mapping binds native project, input versions, packaged dependencies and exchange loss without quality PASS (244.708583ms)
✔ missing capability evidence remains unknown and a mismatching packaged dependency cannot be delivered (179.99525ms)
✔ legacy output execution maps declared new inputs separately from inherited project inputs (263.757625ms)
✔ failed-stage receipts retain original bytes and missing historical identities without following stage paths (62.356916ms)
✔ delivery without the same-attempt execution record remains unknown and cannot expose output artifacts (153.645ms)
✔ execution owner PID must match the attempt and legacy missing process identity stays unknown (144.10775ms)
✔ old artifacts cannot be relabeled as a later task attempt even when plan and runtime match (341.119208ms)
✔ conflicting same-kind observations retain original CAS bytes and do not replace the original association (136.630875ms)
✔ current missing process evidence cannot inherit an older linked conclusion from the receipt index (225.411875ms)
✔ read-only diagnosis sees committed WAL state without changing database, sidecars, projects or missing blob directories (17.162041ms)
✔ damaged database and missing receipts remain structured unknown and never create or overwrite state (2.899292ms)
✔ an actually running detached process remains occupied after its host state becomes unknown (48.580542ms)
✔ lost replies are diagnosed without writes and repaired only with fresh evidence, matching authorization and fenced intent (669.002167ms)
✔ changed candidate, missing export record or missing process identity cannot unlock or repair an unknown task (339.765958ms)
✔ recovery intent survives reopening; an active or expired old recovery owner cannot commit (158.830291ms)
✔ a partial receipt handoff remains diagnostically complete only when both current native records agree (594.43825ms)
✔ legacy ledger snapshots remain read-only and an explicit writer upgrades without replacing task or attempt identities (51.234791ms)
✔ CLI inspect and reconcile are both read-only; unknown diagnosis is explicit (220.373667ms)
✔ freshly requested repair of an already reconciled attempt is read-only and does not create another recovery intent (763.8ms)
✔ two actual recovery processes cannot apply the same uncertain attempt twice (737.08675ms)
✔ logical task identity corruption is diagnosed as unknown without rewriting corrupt bytes (9.400792ms)
✔ matching authorization references alone cannot authorize state repair (207.360042ms)
✔ expired or revoked host authorization cannot change an uncertain attempt (307.777584ms)
✔ legacy writer must require an explicit verified backup before migration (5.071541ms)
✔ continuation cannot substitute for independent state repair of an executed but uncertain attempt (219.335167ms)
✔ authorization revoked after recovery intent is durable abandons repair without releasing unknown occupancy (609.204209ms)
✔ an exited actual host does not imply its detached controlled child stopped (52.599584ms)
✔ CLI repair checks an actual private host grant rather than trusting reference flags (771.724625ms)
✔ reservations survive reopening without a second charge; unknown retains concurrency and disk (10.566042ms)
✔ deterministic rejection for timeMs preserves reason and starts no attempt (5.132417ms)
✔ deterministic rejection for diskBytes preserves reason and starts no attempt (3.251792ms)
✔ deterministic rejection for outputBytes preserves reason and starts no attempt (3.065291ms)
✔ deterministic rejection for slots preserves reason and starts no attempt (3.543417ms)
✔ deterministic rejection for revisions preserves reason and starts no attempt (3.462542ms)
✔ physical disk shortage rejects before reservation even when numeric quota permits it (3.161375ms)
✔ parent and child share reservation, deadline, concurrency and revision count (5.341125ms)
✔ expired time reservation halts new dependencies without releasing unknown work (3.1125ms)
✔ schema4 forensic integrity rejects altered consumed accounting before trusting recovered reservations (2.97275ms)
✔ an actual killed reservation owner cannot reset durable charges or create a second reservation (82.202917ms)
✔ schema1 backup, upgrade and compatible rollback preserve unknown task, attempts, receipts and occupancy (75.972584ms)
✔ schema2 backup, upgrade and compatible rollback preserve unknown task, attempts, receipts and occupancy (63.320792ms)
✔ schema3 backup, upgrade and compatible rollback preserve unknown task, attempts, receipts and occupancy (60.898792ms)
✔ committed uncheckpointed WAL is preserved in backup and read-only diagnosis cannot alter any original sidecar (35.436416ms)
✔ a changed original during isolated inspection is unknown rather than a reusable old snapshot (8.743958ms)
✔ rollback refuses to discard new task records and does not overwrite the immutable old backup (47.866833ms)
✔ corrupt backups, unsupported ledgers and logical damage cannot be upgraded or claimed (37.74925ms)
✔ maintenance cannot run without authorization or while a live write lease is held (8.55375ms)
✔ an existing empty SQLite database is unknown, never an invitation to initialize FilmCraft state (1.176083ms)
✔ foreign and logically damaged ledgers are rejected before any backup or original SQLite write (7.085791ms)
✔ revocation after backup intent preserves original schema and the complete backup audit (40.521875ms)
✔ matching column names without FilmCraft structural constraints cannot claim a ledger (5.100375ms)
✔ the actual previous installed dev45 core refuses schema4 without editing current state (85.122292ms)
✔ same idempotency key returns the original task; changed identity conflicts without replacing it (6.335666ms)
✔ task IDs cannot overwrite another caller and input versions remain bound (2.590459ms)
✔ project occupancy survives close/reopen and unknown execution does not free the writer (6.27575ms)
✔ expired leases are fenced without automatically taking over or accepting an old completion (4.751042ms)
✔ intent is committed before submission and accepted execution is not completed delivery (7.327791ms)
✔ missing stop confirmation remains unknown; receipts cannot be spliced across attempts (4.957625ms)
✔ deadline and unsupported state database refuse execution without editing user files (4.728ms)
✔ two actual processes cannot acquire the same project writer (101.521292ms)
✔ aliased output parents share idempotency and occupancy even with a different project key (4.846042ms)
✔ an unrelated SQLite database with user_version 1 is rejected without changing its bytes (2.487625ms)
ℹ tests 107
ℹ suites 0
ℹ pass 107
ℹ fail 0
ℹ cancelled 0
ℹ skipped 0
ℹ todo 0
ℹ duration_ms 35630.613958
