✔ private host grant binds the exact operation and is re-read for revocation and expiry (5.71525ms)
✔ host grant files reject shared permissions, symlinks and ambiguous JSON (2.061ms)
✔ cancel request persists before signalling, invalidates the writer, and confirms only after native group stops (319.83ms)
✔ unsupported cancellation retains running process, occupancy, reservation and partial diagnostics after reopen (186.385042ms)
✔ PID reuse or changed birth identity cannot signal a process even when its numeric PID matches (126.764625ms)
✔ lost cancellation reply is recovered from durable request without new attempts or double settlement (174.076792ms)
✔ restart after confirmed cancellation but before settlement finishes accounting exactly once (160.350458ms)
✔ parent cancellation fences its running child and prevents any new dependent dispatch (68.814417ms)
✔ revocation before the supported stop action leaves a requested cancellation and running native group (98.146084ms)
✔ an exited actual host leaves its identity-bound detached child running, budget held and cancellation unconfirmed (221.233083ms)
✔ actual cancellation CLI uses a private host grant and requires an explicit signal action (709.558583ms)
﹣ actual Python native workflow binds SQL attempts, preserves original project and does not repeat a completed attempt (0.359292ms) # SKIP
✔ public task mapping uses registered identity and keeps internal fields in the domain ledger (7.259917ms)
﹣ actual temporal/audio fixtures detect synchronization, per-channel clipping and decode failure (0.551709ms) # SKIP
✔ request binds candidate, project, input, goal, rubric, execution and reviewer identities without generator commentary (1.148792ms)
✔ a high creative score cannot cover a real decode failure or manufacture user acceptance (0.566917ms)
✔ a known technical failure blocks even when the rubric did not request that dimension (0.241ms)
✔ a static frame cannot pass synchronization, clipping, subtitle timing, continuity or rhythm (1.569917ms)
✔ missing temporal evidence is explicit and cannot become PASS from an empty required set (0.303667ms)
✔ even complete independent quality PASS is review-ready rather than user-accepted or completed (0.308125ms)
✔ changing candidate changes the review identity and invalidates the old request (0.270791ms)
✔ changing project changes the review identity and invalidates the old request (0.662625ms)
✔ changing inputs changes the review identity and invalidates the old request (0.477666ms)
✔ changing execution changes the review identity and invalidates the old request (1.636042ms)
✔ changing goal changes the review identity and invalidates the old request (0.165875ms)
✔ changing rubric changes the review identity and invalidates the old request (0.12575ms)
✔ changing reviewer changes the review identity and invalidates the old request (0.12675ms)
✔ import requires a trusted independent context verifier; body declarations cannot authorize it (1316.757042ms)
✔ stored PASS cannot replay after candidate changes (361.813042ms)
✔ stored PASS cannot replay after project changes (331.966792ms)
✔ stored PASS cannot replay after input changes (323.37425ms)
✔ stored PASS cannot replay after execution changes (347.902042ms)
✔ stored PASS cannot replay after epoch changes (336.006917ms)
✔ stored PASS cannot replay after goal changes (324.206667ms)
✔ stored PASS cannot replay after rubric changes (300.527416ms)
✔ stored PASS cannot replay after reviewer changes (319.265625ms)
✔ external process receives only frozen work and explicit environment, excludes generator context (639.956542ms)
✔ private review CAS refuses replaced originals (187.629375ms)
✔ candidate mutation during trusted context verification cannot commit a successful receipt (261.558584ms)
✔ legacy command receipt is linked without rewriting native integers or declaring completion (92.578375ms)
✔ conflicting identity, absent identity and duplicate JSON keys cannot become a successful receipt (56.496458ms)
✔ a moved or replaced candidate makes evidence stale and does not overwrite stored originals (95.467208ms)
✔ receipt paths reject traversal and symlinks before reading their targets (47.615833ms)
✔ strict lossless parsing preserves unsafe native integers and rejects ambiguity (0.212584ms)
✔ plan normalization keeps Python native hashes compatible and refuses duplicate or nonfinite values (158.584292ms)
✔ delivery mapping binds native project, input versions, packaged dependencies and exchange loss without quality PASS (302.943917ms)
✔ missing capability evidence remains unknown and a mismatching packaged dependency cannot be delivered (149.043375ms)
✔ legacy output execution maps declared new inputs separately from inherited project inputs (192.158167ms)
✔ failed-stage receipts retain original bytes and missing historical identities without following stage paths (42.747708ms)
✔ delivery without the same-attempt execution record remains unknown and cannot expose output artifacts (123.669292ms)
✔ execution owner PID must match the attempt and legacy missing process identity stays unknown (162.327333ms)
✔ old artifacts cannot be relabeled as a later task attempt even when plan and runtime match (321.24725ms)
✔ conflicting same-kind observations retain original CAS bytes and do not replace the original association (127.090709ms)
✔ current missing process evidence cannot inherit an older linked conclusion from the receipt index (226.64ms)
✔ read-only diagnosis sees committed WAL state without changing database, sidecars, projects or missing blob directories (31.412667ms)
✔ damaged database and missing receipts remain structured unknown and never create or overwrite state (2.477834ms)
✔ an actually running detached process remains occupied after its host state becomes unknown (53.974125ms)
✔ lost replies are diagnosed without writes and repaired only with fresh evidence, matching authorization and fenced intent (796.324625ms)
✔ changed candidate, missing export record or missing process identity cannot unlock or repair an unknown task (278.921ms)
✔ recovery intent survives reopening; an active or expired old recovery owner cannot commit (149.709875ms)
✔ a partial receipt handoff remains diagnostically complete only when both current native records agree (563.032917ms)
✔ legacy ledger snapshots remain read-only and an explicit writer upgrades without replacing task or attempt identities (56.863917ms)
✔ CLI inspect and reconcile are both read-only; unknown diagnosis is explicit (186.599291ms)
✔ freshly requested repair of an already reconciled attempt is read-only and does not create another recovery intent (628.071875ms)
✔ two actual recovery processes cannot apply the same uncertain attempt twice (561.352875ms)
✔ logical task identity corruption is diagnosed as unknown without rewriting corrupt bytes (6.553209ms)
✔ matching authorization references alone cannot authorize state repair (215.213167ms)
✔ expired or revoked host authorization cannot change an uncertain attempt (290.794042ms)
✔ legacy writer must require an explicit verified backup before migration (4.780042ms)
✔ continuation cannot substitute for independent state repair of an executed but uncertain attempt (219.472667ms)
✔ authorization revoked after recovery intent is durable abandons repair without releasing unknown occupancy (511.099042ms)
✔ an exited actual host does not imply its detached controlled child stopped (50.853792ms)
✔ CLI repair checks an actual private host grant rather than trusting reference flags (670.204625ms)
✔ reservations survive reopening without a second charge; unknown retains concurrency and disk (14.843584ms)
✔ deterministic rejection for timeMs preserves reason and starts no attempt (6.027333ms)
✔ deterministic rejection for diskBytes preserves reason and starts no attempt (3.250208ms)
✔ deterministic rejection for outputBytes preserves reason and starts no attempt (8.09475ms)
✔ deterministic rejection for slots preserves reason and starts no attempt (6.019958ms)
✔ deterministic rejection for revisions preserves reason and starts no attempt (17.581417ms)
✔ physical disk shortage rejects before reservation even when numeric quota permits it (7.479875ms)
✔ parent and child share reservation, deadline, concurrency and revision count (48.859334ms)
✔ expired time reservation halts new dependencies without releasing unknown work (5.572334ms)
✔ schema4 forensic integrity rejects altered consumed accounting before trusting recovered reservations (8.969333ms)
✔ an actual killed reservation owner cannot reset durable charges or create a second reservation (215.7675ms)
✔ schema1 backup, upgrade and compatible rollback preserve unknown task, attempts, receipts and occupancy (216.656ms)
✔ schema2 backup, upgrade and compatible rollback preserve unknown task, attempts, receipts and occupancy (90.213375ms)
✔ schema3 backup, upgrade and compatible rollback preserve unknown task, attempts, receipts and occupancy (88.529959ms)
✔ committed uncheckpointed WAL is preserved in backup and read-only diagnosis cannot alter any original sidecar (54.18475ms)
✔ a changed original during isolated inspection is unknown rather than a reusable old snapshot (14.14425ms)
✔ rollback refuses to discard new task records and does not overwrite the immutable old backup (66.423417ms)
✔ corrupt backups, unsupported ledgers and logical damage cannot be upgraded or claimed (50.282917ms)
✔ maintenance cannot run without authorization or while a live write lease is held (14.762167ms)
✔ an existing empty SQLite database is unknown, never an invitation to initialize FilmCraft state (1.10925ms)
✔ foreign and logically damaged ledgers are rejected before any backup or original SQLite write (15.658541ms)
✔ revocation after backup intent preserves original schema and the complete backup audit (71.207041ms)
✔ matching column names without FilmCraft structural constraints cannot claim a ledger (11.732ms)
﹣ the actual previous installed dev45 core refuses schema4 without editing current state (0.030291ms) # SKIP
✔ same idempotency key returns the original task; changed identity conflicts without replacing it (18.138792ms)
✔ task IDs cannot overwrite another caller and input versions remain bound (15.832292ms)
✔ project occupancy survives close/reopen and unknown execution does not free the writer (8.800417ms)
✔ expired leases are fenced without automatically taking over or accepting an old completion (6.263333ms)
✔ intent is committed before submission and accepted execution is not completed delivery (7.430666ms)
✔ missing stop confirmation remains unknown; receipts cannot be spliced across attempts (6.24075ms)
✔ deadline and unsupported state database refuse execution without editing user files (14.806792ms)
✔ two actual processes cannot acquire the same project writer (144.107708ms)
✔ aliased output parents share idempotency and occupancy even with a different project key (10.8235ms)
✔ an unrelated SQLite database with user_version 1 is rejected without changing its bytes (2.422833ms)
ℹ tests 107
ℹ suites 0
ℹ pass 104
ℹ fail 0
ℹ cancelled 0
ℹ skipped 3
ℹ todo 0
ℹ duration_ms 5649.595458
