✔ actual Python native workflow binds SQL attempts, preserves original project and does not repeat a completed attempt (3525.682541ms)
✔ public task mapping uses registered identity and keeps internal fields in the domain ledger (5.672042ms)
✔ legacy command receipt is linked without rewriting native integers or declaring completion (29.796584ms)
✔ conflicting identity, absent identity and duplicate JSON keys cannot become a successful receipt (29.070083ms)
✔ a moved or replaced candidate makes evidence stale and does not overwrite stored originals (26.435541ms)
✔ receipt paths reject traversal and symlinks before reading their targets (26.251792ms)
✔ strict lossless parsing preserves unsafe native integers and rejects ambiguity (0.210167ms)
✔ plan normalization keeps Python native hashes compatible and refuses duplicate or nonfinite values (94.5715ms)
✔ delivery mapping binds native project, input versions, packaged dependencies and exchange loss without quality PASS (164.766125ms)
✔ missing capability evidence remains unknown and a mismatching packaged dependency cannot be delivered (91.808208ms)
✔ legacy output execution maps declared new inputs separately from inherited project inputs (114.261959ms)
✔ failed-stage receipts retain original bytes and missing historical identities without following stage paths (26.441583ms)
✔ delivery without the same-attempt execution record remains unknown and cannot expose output artifacts (69.247042ms)
✔ execution owner PID must match the attempt and legacy missing process identity stays unknown (89.49225ms)
✔ old artifacts cannot be relabeled as a later task attempt even when plan and runtime match (211.50325ms)
✔ conflicting same-kind observations retain original CAS bytes and do not replace the original association (91.986334ms)
✔ current missing process evidence cannot inherit an older linked conclusion from the receipt index (159.494458ms)
✔ read-only diagnosis sees committed WAL state without changing database, sidecars, projects or missing blob directories (9.663625ms)
✔ damaged database and missing receipts remain structured unknown and never create or overwrite state (2.369333ms)
✔ an actually running detached process remains occupied after its host state becomes unknown (33.460166ms)
✔ lost replies are diagnosed without writes and repaired only with fresh evidence, matching authorization and fenced intent (452.905416ms)
✔ changed candidate, missing export record or missing process identity cannot unlock or repair an unknown task (177.737125ms)
✔ recovery intent survives reopening; an active or expired old recovery owner cannot commit (98.960666ms)
✔ a partial receipt handoff remains diagnostically complete only when both current native records agree (374.105875ms)
✔ legacy ledger snapshots remain read-only and an explicit writer upgrades without replacing task or attempt identities (5.975333ms)
✔ CLI inspect and reconcile are both read-only; unknown diagnosis is explicit (161.185084ms)
✔ freshly requested repair of an already reconciled attempt is read-only and does not create another recovery intent (467.756708ms)
✔ two actual recovery processes cannot apply the same uncertain attempt twice (422.679875ms)
✔ logical task identity corruption is diagnosed as unknown without rewriting corrupt bytes (5.048542ms)
✔ same idempotency key returns the original task; changed identity conflicts without replacing it (4.815292ms)
✔ task IDs cannot overwrite another caller and input versions remain bound (2.005125ms)
✔ project occupancy survives close/reopen and unknown execution does not free the writer (3.823917ms)
✔ expired leases are fenced without automatically taking over or accepting an old completion (2.156ms)
✔ intent is committed before submission and accepted execution is not completed delivery (2.97525ms)
✔ missing stop confirmation remains unknown; receipts cannot be spliced across attempts (3.057625ms)
✔ deadline and unsupported state database refuse execution without editing user files (2.70225ms)
✔ two actual processes cannot acquire the same project writer (71.3585ms)
✔ aliased output parents share idempotency and occupancy even with a different project key (3.03425ms)
✔ an unrelated SQLite database with user_version 1 is rejected without changing its bytes (1.648834ms)
ℹ tests 39
ℹ suites 0
ℹ pass 39
ℹ fail 0
ℹ cancelled 0
ℹ skipped 0
ℹ todo 0
ℹ duration_ms 7460.076959
