✔ legacy command receipt is linked without rewriting native integers or declaring completion (36.82925ms)
✔ conflicting identity, absent identity and duplicate JSON keys cannot become a successful receipt (29.873791ms)
✔ a moved or replaced candidate makes evidence stale and does not overwrite stored originals (29.942375ms)
✔ receipt paths reject traversal and symlinks before reading their targets (30.013292ms)
✔ strict lossless parsing preserves unsafe native integers and rejects ambiguity (0.278542ms)
✔ plan normalization keeps Python native hashes compatible and refuses duplicate or nonfinite values (133.737875ms)
✔ delivery mapping binds native project, input versions, packaged dependencies and exchange loss without quality PASS (193.884459ms)
✔ missing capability evidence remains unknown and a mismatching packaged dependency cannot be delivered (107.652834ms)
✔ legacy output execution maps declared new inputs separately from inherited project inputs (106.052333ms)
✔ failed-stage receipts retain original bytes and missing historical identities without following stage paths (28.847708ms)
✔ delivery without the same-attempt execution record remains unknown and cannot expose output artifacts (79.241583ms)
✔ execution owner PID must match the attempt and legacy missing process identity stays unknown (104.518584ms)
✔ old artifacts cannot be relabeled as a later task attempt even when plan and runtime match (232.277708ms)
✔ conflicting same-kind observations retain original CAS bytes and do not replace the original association (115.112042ms)
✔ current missing process evidence cannot inherit an older linked conclusion from the receipt index (191.333375ms)
✔ read-only diagnosis sees committed WAL state without changing database, sidecars, projects or missing blob directories (10.28225ms)
✔ damaged database and missing receipts remain structured unknown and never create or overwrite state (1.957583ms)
✔ an actually running detached process remains occupied after its host state becomes unknown (34.806209ms)
✔ lost replies are diagnosed without writes and repaired only with fresh evidence, matching authorization and fenced intent (568.121625ms)
✔ changed candidate, missing export record or missing process identity cannot unlock or repair an unknown task (187.375417ms)
✔ recovery intent survives reopening; an active or expired old recovery owner cannot commit (103.590916ms)
✖ a partial receipt handoff remains diagnostically complete only when both current native records agree (178.858041ms)
✔ legacy ledger snapshots remain read-only and an explicit writer upgrades without replacing task or attempt identities (5.920667ms)
✔ CLI inspect and reconcile are both read-only; unknown diagnosis is explicit (150.766583ms)
✔ freshly requested repair of an already reconciled attempt is read-only and does not create another recovery intent (722.488708ms)
✔ two actual recovery processes cannot apply the same uncertain attempt twice (521.207583ms)
✔ logical task identity corruption is diagnosed as unknown without rewriting corrupt bytes (4.385708ms)
ℹ tests 27
ℹ suites 0
ℹ pass 26
ℹ fail 1
ℹ cancelled 0
ℹ skipped 0
ℹ todo 0
ℹ duration_ms 2575.915166

✖ failing tests:

test at test/harness/recovery.test.ts:147:1
✖ a partial receipt handoff remains diagnostically complete only when both current native records agree (178.858041ms)
  AssertionError [ERR_ASSERTION]: Expected values to be strictly equal:
  + actual - expected
  
  + 'unknown'
  - 'executed'
  
      at TestContext.<anonymous> (file://[USER_HOME]/workspaces/workspace-agent-skills/full-aigc-plugins-repositories/filmcraft-plugin/test/harness/recovery.test.ts:153:10)
      at Test.runInAsyncScope (node:async_hooks:227:14)
      at Test.run (node:internal/test_runner/test:1325:25)
      at Test.processPendingSubtests (node:internal/test_runner/test:911:18)
      at Test.postRun (node:internal/test_runner/test:1465:19)
      at Test.run (node:internal/test_runner/test:1390:12)
      at process.processTicksAndRejections (node:internal/process/task_queues:104:5)
      at async Test.processPendingSubtests (node:internal/test_runner/test:911:7) {
    generatedMessage: true,
    code: 'ERR_ASSERTION',
    actual: 'unknown',
    expected: 'executed',
    operator: 'strictEqual',
    diff: 'simple'
  }
