✔ legacy command receipt is linked without rewriting native integers or declaring completion (41.678625ms)
✔ conflicting identity, absent identity and duplicate JSON keys cannot become a successful receipt (30.236041ms)
✔ a moved or replaced candidate makes evidence stale and does not overwrite stored originals (31.085375ms)
✔ receipt paths reject traversal and symlinks before reading their targets (35.287625ms)
✔ strict lossless parsing preserves unsafe native integers and rejects ambiguity (0.189916ms)
✔ plan normalization keeps Python native hashes compatible and refuses duplicate or nonfinite values (100.556292ms)
✔ delivery mapping binds native project, input versions, packaged dependencies and exchange loss without quality PASS (196.023625ms)
✔ missing capability evidence remains unknown and a mismatching packaged dependency cannot be delivered (107.147166ms)
✔ legacy output execution maps declared new inputs separately from inherited project inputs (148.215916ms)
✔ failed-stage receipts retain original bytes and missing historical identities without following stage paths (36.481833ms)
✔ delivery without the same-attempt execution record remains unknown and cannot expose output artifacts (94.985792ms)
✔ execution owner PID must match the attempt and legacy missing process identity stays unknown (134.374959ms)
✔ old artifacts cannot be relabeled as a later task attempt even when plan and runtime match (253.623833ms)
✔ conflicting same-kind observations retain original CAS bytes and do not replace the original association (153.895792ms)
✔ current missing process evidence cannot inherit an older linked conclusion from the receipt index (189.92375ms)
✔ read-only diagnosis sees committed WAL state without changing database, sidecars, projects or missing blob directories (10.467459ms)
✔ damaged database and missing receipts remain structured unknown and never create or overwrite state (2.0235ms)
✔ an actually running detached process remains occupied after its host state becomes unknown (33.395834ms)
✔ lost replies are diagnosed without writes and repaired only with fresh evidence, matching authorization and fenced intent (495.775959ms)
✔ changed candidate, missing export record or missing process identity cannot unlock or repair an unknown task (216.006041ms)
✔ recovery intent survives reopening; an active or expired old recovery owner cannot commit (126.401958ms)
✔ a partial receipt handoff remains diagnostically complete only when both current native records agree (503.722458ms)
✔ legacy ledger snapshots remain read-only and an explicit writer upgrades without replacing task or attempt identities (5.304542ms)
✔ CLI inspect and reconcile are both read-only; unknown diagnosis is explicit (147.221625ms)
✔ freshly requested repair of an already reconciled attempt is read-only and does not create another recovery intent (533.396625ms)
✔ two actual recovery processes cannot apply the same uncertain attempt twice (449.594417ms)
✔ logical task identity corruption is diagnosed as unknown without rewriting corrupt bytes (4.296459ms)
ℹ tests 27
ℹ suites 0
ℹ pass 27
ℹ fail 0
ℹ cancelled 0
ℹ skipped 0
ℹ todo 0
ℹ duration_ms 2608.985958
