✔ private host grant binds the exact operation and is re-read for revocation and expiry (5.047209ms)
✔ host grant files reject shared permissions, symlinks and ambiguous JSON (1.913291ms)
✔ actual Python native workflow binds SQL attempts, preserves original project and does not repeat a completed attempt (5790.87925ms)
✔ public task mapping uses registered identity and keeps internal fields in the domain ledger (4.985708ms)
✔ legacy command receipt is linked without rewriting native integers or declaring completion (29.196208ms)
✔ conflicting identity, absent identity and duplicate JSON keys cannot become a successful receipt (25.660875ms)
✔ a moved or replaced candidate makes evidence stale and does not overwrite stored originals (25.553625ms)
✔ receipt paths reject traversal and symlinks before reading their targets (25.344625ms)
✔ strict lossless parsing preserves unsafe native integers and rejects ambiguity (0.173667ms)
✔ plan normalization keeps Python native hashes compatible and refuses duplicate or nonfinite values (88.455417ms)
✔ delivery mapping binds native project, input versions, packaged dependencies and exchange loss without quality PASS (168.462334ms)
✔ missing capability evidence remains unknown and a mismatching packaged dependency cannot be delivered (97.449083ms)
✔ legacy output execution maps declared new inputs separately from inherited project inputs (119.881458ms)
✔ failed-stage receipts retain original bytes and missing historical identities without following stage paths (26.848ms)
✔ delivery without the same-attempt execution record remains unknown and cannot expose output artifacts (76.099875ms)
✔ execution owner PID must match the attempt and legacy missing process identity stays unknown (106.850667ms)
✔ old artifacts cannot be relabeled as a later task attempt even when plan and runtime match (219.714125ms)
✔ conflicting same-kind observations retain original CAS bytes and do not replace the original association (98.341375ms)
✔ current missing process evidence cannot inherit an older linked conclusion from the receipt index (181.864958ms)
✔ read-only diagnosis sees committed WAL state without changing database, sidecars, projects or missing blob directories (12.002375ms)
✔ damaged database and missing receipts remain structured unknown and never create or overwrite state (2.012125ms)
✔ an actually running detached process remains occupied after its host state becomes unknown (35.290917ms)
✔ lost replies are diagnosed without writes and repaired only with fresh evidence, matching authorization and fenced intent (522.53725ms)
✔ changed candidate, missing export record or missing process identity cannot unlock or repair an unknown task (269.6725ms)
✔ recovery intent survives reopening; an active or expired old recovery owner cannot commit (131.355833ms)
✔ a partial receipt handoff remains diagnostically complete only when both current native records agree (448.699459ms)
✔ legacy ledger snapshots remain read-only and an explicit writer upgrades without replacing task or attempt identities (66.980917ms)
✔ CLI inspect and reconcile are both read-only; unknown diagnosis is explicit (174.24525ms)
✔ freshly requested repair of an already reconciled attempt is read-only and does not create another recovery intent (509.335208ms)
✔ two actual recovery processes cannot apply the same uncertain attempt twice (488.7785ms)
✔ logical task identity corruption is diagnosed as unknown without rewriting corrupt bytes (5.776791ms)
✔ matching authorization references alone cannot authorize state repair (165.145375ms)
✔ expired or revoked host authorization cannot change an uncertain attempt (214.096542ms)
✔ legacy writer must require an explicit verified backup before migration (4.6195ms)
✔ continuation cannot substitute for independent state repair of an executed but uncertain attempt (166.459917ms)
✔ authorization revoked after recovery intent is durable abandons repair without releasing unknown occupancy (316.714875ms)
✔ an exited actual host does not imply its detached controlled child stopped (33.074042ms)
✔ CLI repair checks an actual private host grant rather than trusting reference flags (564.763041ms)
✔ schema1 backup, upgrade and compatible rollback preserve unknown task, attempts, receipts and occupancy (60.331542ms)
✔ schema2 backup, upgrade and compatible rollback preserve unknown task, attempts, receipts and occupancy (52.646334ms)
✔ committed uncheckpointed WAL is preserved in backup and read-only diagnosis cannot alter any original sidecar (39.791542ms)
✔ a changed original during isolated inspection is unknown rather than a reusable old snapshot (8.338167ms)
✔ rollback refuses to discard new task records and does not overwrite the immutable old backup (39.353583ms)
✔ corrupt backups, unsupported ledgers and logical damage cannot be upgraded or claimed (31.920875ms)
✔ maintenance cannot run without authorization or while a live write lease is held (10.694833ms)
✔ an existing empty SQLite database is unknown, never an invitation to initialize FilmCraft state (4.956417ms)
✔ foreign and logically damaged ledgers are rejected before any backup or original SQLite write (8.93475ms)
✔ revocation after backup intent preserves original schema and the complete backup audit (31.646208ms)
✔ matching column names without FilmCraft structural constraints cannot claim a ledger (5.041375ms)
✔ the actual previous installed dev45 core refuses schema3 without editing current state (76.279666ms)
✔ same idempotency key returns the original task; changed identity conflicts without replacing it (4.551125ms)
✔ task IDs cannot overwrite another caller and input versions remain bound (2.336375ms)
✔ project occupancy survives close/reopen and unknown execution does not free the writer (4.036208ms)
✔ expired leases are fenced without automatically taking over or accepting an old completion (2.734333ms)
✔ intent is committed before submission and accepted execution is not completed delivery (3.379792ms)
✔ missing stop confirmation remains unknown; receipts cannot be spliced across attempts (3.519167ms)
✔ deadline and unsupported state database refuse execution without editing user files (2.37675ms)
✔ two actual processes cannot acquire the same project writer (72.395334ms)
✔ aliased output parents share idempotency and occupancy even with a different project key (3.765042ms)
✔ an unrelated SQLite database with user_version 1 is rejected without changing its bytes (1.796959ms)
ℹ tests 60
ℹ suites 0
ℹ pass 60
ℹ fail 0
ℹ cancelled 0
ℹ skipped 0
ℹ todo 0
ℹ duration_ms 12264.92625
