fixed tick validation cases: 1494
literal CLI cases passed: filmcraft-cli
literal CLI cases passed: filmcraft-cli-audio
literal CLI cases passed: filmcraft-cli-color
literal CLI cases passed: filmcraft-cli-export
literal CLI cases passed: filmcraft-cli-media
literal CLI cases passed: filmcraft-cli-motion
literal CLI cases passed: filmcraft-cli-multicam
literal CLI cases passed: filmcraft-cli-project
literal CLI cases passed: filmcraft-cli-setup
literal CLI cases passed: filmcraft-cli-subtitles
literal CLI cases passed: filmcraft-cli-timeline
literal CLI cases passed: filmcraft-cli-transcript
literal CLI cases passed: filmcraft-use
Traceback (most recent call last):
  File "[USER_HOME]/workspaces/workspace-agent-skills/full-aigc-plugins-repositories/filmcraft-plugin/scripts/verify_command_parity.py", line 291, in <module>
    verify(args.host, args.authority, args.ref, args.output)
    ~~~~~~^^^^^^^^^^^^^^^^^^^^^^^^^^^^^^^^^^^^^^^^^^^^^^^^^^
  File "[USER_HOME]/workspaces/workspace-agent-skills/full-aigc-plugins-repositories/filmcraft-plugin/scripts/verify_command_parity.py", line 188, in verify
    require(opened['steps'][3]['result'] == saved_sequence, 'reopened_sequence_changed')
    ~~~~~~~^^^^^^^^^^^^^^^^^^^^^^^^^^^^^^^^^^^^^^^^^^^^^^^^^^^^^^^^^^^^^^^^^^^^^^^^^^^^^
  File "[USER_HOME]/workspaces/workspace-agent-skills/full-aigc-plugins-repositories/filmcraft-plugin/scripts/verify_command_parity.py", line 29, in require
    raise ValueError(reason)
ValueError: reopened_sequence_changed
