test_discovery_does_not_promote_other_dimensions (test_command_evidence.CommandEvidenceTests.test_discovery_does_not_promote_other_dimensions) ... ERROR
test_invalid_or_duplicate_discovery_rows_are_rejected (test_command_evidence.CommandEvidenceTests.test_invalid_or_duplicate_discovery_rows_are_rejected) ... ERROR
test_pass_requires_evidence_and_not_applicable_requires_reason (test_command_evidence.CommandEvidenceTests.test_pass_requires_evidence_and_not_applicable_requires_reason) ... ERROR
test_positive_negative_and_persistence_are_independent (test_command_evidence.CommandEvidenceTests.test_positive_negative_and_persistence_are_independent) ... ERROR
test_stale_runtime_platform_mode_or_source_is_rejected (test_command_evidence.CommandEvidenceTests.test_stale_runtime_platform_mode_or_source_is_rejected) ... ERROR
test_unknown_command_dimension_and_duplicate_claim_are_rejected (test_command_evidence.CommandEvidenceTests.test_unknown_command_dimension_and_duplicate_claim_are_rejected) ... ERROR

======================================================================
ERROR: test_discovery_does_not_promote_other_dimensions (test_command_evidence.CommandEvidenceTests.test_discovery_does_not_promote_other_dimensions)
----------------------------------------------------------------------
Traceback (most recent call last):
  File "[USER_HOME]/workspaces/workspace-agent-skills/full-aigc-plugins-repositories/filmcraft-plugin/tests/test_command_evidence.py", line 13, in setUp
    spec.loader.exec_module(self.module)
    ~~~~~~~~~~~~~~~~~~~~~~~^^^^^^^^^^^^^
  File "<frozen importlib._bootstrap_external>", line 1022, in exec_module
  File "<frozen importlib._bootstrap_external>", line 1159, in get_code
  File "<frozen importlib._bootstrap_external>", line 1217, in get_data
FileNotFoundError: [Errno 2] No such file or directory: '[USER_HOME]/workspaces/workspace-agent-skills/full-aigc-plugins-repositories/filmcraft-plugin/scripts/command_evidence.py'

======================================================================
ERROR: test_invalid_or_duplicate_discovery_rows_are_rejected (test_command_evidence.CommandEvidenceTests.test_invalid_or_duplicate_discovery_rows_are_rejected)
----------------------------------------------------------------------
Traceback (most recent call last):
  File "[USER_HOME]/workspaces/workspace-agent-skills/full-aigc-plugins-repositories/filmcraft-plugin/tests/test_command_evidence.py", line 13, in setUp
    spec.loader.exec_module(self.module)
    ~~~~~~~~~~~~~~~~~~~~~~~^^^^^^^^^^^^^
  File "<frozen importlib._bootstrap_external>", line 1022, in exec_module
  File "<frozen importlib._bootstrap_external>", line 1159, in get_code
  File "<frozen importlib._bootstrap_external>", line 1217, in get_data
FileNotFoundError: [Errno 2] No such file or directory: '[USER_HOME]/workspaces/workspace-agent-skills/full-aigc-plugins-repositories/filmcraft-plugin/scripts/command_evidence.py'

======================================================================
ERROR: test_pass_requires_evidence_and_not_applicable_requires_reason (test_command_evidence.CommandEvidenceTests.test_pass_requires_evidence_and_not_applicable_requires_reason)
----------------------------------------------------------------------
Traceback (most recent call last):
  File "[USER_HOME]/workspaces/workspace-agent-skills/full-aigc-plugins-repositories/filmcraft-plugin/tests/test_command_evidence.py", line 13, in setUp
    spec.loader.exec_module(self.module)
    ~~~~~~~~~~~~~~~~~~~~~~~^^^^^^^^^^^^^
  File "<frozen importlib._bootstrap_external>", line 1022, in exec_module
  File "<frozen importlib._bootstrap_external>", line 1159, in get_code
  File "<frozen importlib._bootstrap_external>", line 1217, in get_data
FileNotFoundError: [Errno 2] No such file or directory: '[USER_HOME]/workspaces/workspace-agent-skills/full-aigc-plugins-repositories/filmcraft-plugin/scripts/command_evidence.py'

======================================================================
ERROR: test_positive_negative_and_persistence_are_independent (test_command_evidence.CommandEvidenceTests.test_positive_negative_and_persistence_are_independent)
----------------------------------------------------------------------
Traceback (most recent call last):
  File "[USER_HOME]/workspaces/workspace-agent-skills/full-aigc-plugins-repositories/filmcraft-plugin/tests/test_command_evidence.py", line 13, in setUp
    spec.loader.exec_module(self.module)
    ~~~~~~~~~~~~~~~~~~~~~~~^^^^^^^^^^^^^
  File "<frozen importlib._bootstrap_external>", line 1022, in exec_module
  File "<frozen importlib._bootstrap_external>", line 1159, in get_code
  File "<frozen importlib._bootstrap_external>", line 1217, in get_data
FileNotFoundError: [Errno 2] No such file or directory: '[USER_HOME]/workspaces/workspace-agent-skills/full-aigc-plugins-repositories/filmcraft-plugin/scripts/command_evidence.py'

======================================================================
ERROR: test_stale_runtime_platform_mode_or_source_is_rejected (test_command_evidence.CommandEvidenceTests.test_stale_runtime_platform_mode_or_source_is_rejected)
----------------------------------------------------------------------
Traceback (most recent call last):
  File "[USER_HOME]/workspaces/workspace-agent-skills/full-aigc-plugins-repositories/filmcraft-plugin/tests/test_command_evidence.py", line 13, in setUp
    spec.loader.exec_module(self.module)
    ~~~~~~~~~~~~~~~~~~~~~~~^^^^^^^^^^^^^
  File "<frozen importlib._bootstrap_external>", line 1022, in exec_module
  File "<frozen importlib._bootstrap_external>", line 1159, in get_code
  File "<frozen importlib._bootstrap_external>", line 1217, in get_data
FileNotFoundError: [Errno 2] No such file or directory: '[USER_HOME]/workspaces/workspace-agent-skills/full-aigc-plugins-repositories/filmcraft-plugin/scripts/command_evidence.py'

======================================================================
ERROR: test_unknown_command_dimension_and_duplicate_claim_are_rejected (test_command_evidence.CommandEvidenceTests.test_unknown_command_dimension_and_duplicate_claim_are_rejected)
----------------------------------------------------------------------
Traceback (most recent call last):
  File "[USER_HOME]/workspaces/workspace-agent-skills/full-aigc-plugins-repositories/filmcraft-plugin/tests/test_command_evidence.py", line 13, in setUp
    spec.loader.exec_module(self.module)
    ~~~~~~~~~~~~~~~~~~~~~~~^^^^^^^^^^^^^
  File "<frozen importlib._bootstrap_external>", line 1022, in exec_module
  File "<frozen importlib._bootstrap_external>", line 1159, in get_code
  File "<frozen importlib._bootstrap_external>", line 1217, in get_data
FileNotFoundError: [Errno 2] No such file or directory: '[USER_HOME]/workspaces/workspace-agent-skills/full-aigc-plugins-repositories/filmcraft-plugin/scripts/command_evidence.py'

----------------------------------------------------------------------
Ran 6 tests in 0.001s

FAILED (errors=6)
