✖ retained candidate subject is read-only and remains bound to the exact source (28.092042ms)
✖ candidate caller cannot supply availability or a mismatched source identity (26.302583ms)
✖ retained source drift refuses the subject before installation (26.381125ms)
✖ candidate selection never replaces the required execution grant (25.295958ms)
✖ an execution grant cannot bypass runtime selection for a retained candidate (26.44575ms)
✖ a selected different runtime fences an otherwise authorized retained candidate (29.404292ms)
ℹ tests 6
ℹ suites 0
ℹ pass 0
ℹ fail 6
ℹ cancelled 0
ℹ skipped 0
ℹ todo 0
ℹ duration_ms 248.260542

✖ failing tests:

test at test/harness/workflow_candidate.test.ts:25:1
✖ retained candidate subject is read-only and remains bound to the exact source (28.092042ms)
  SyntaxError: Unexpected non-whitespace character after JSON at position 3 (line 1 column 4)
      at JSON.parse (<anonymous>)
      at setup (file://[PLUGIN_ROOT]/test/harness/workflow_candidate.test.ts:14:22)
      at TestContext.<anonymous> (file://[PLUGIN_ROOT]/test/harness/workflow_candidate.test.ts:26:10)
      at Test.runInAsyncScope (node:async_hooks:227:14)
      at Test.run (node:internal/test_runner/test:1325:25)
      at Test.start (node:internal/test_runner/test:1191:17)
      at startSubtestAfterBootstrap (node:internal/test_runner/harness:385:17)

test at test/harness/workflow_candidate.test.ts:29:1
✖ candidate caller cannot supply availability or a mismatched source identity (26.302583ms)
  SyntaxError: Unexpected non-whitespace character after JSON at position 3 (line 1 column 4)
      at JSON.parse (<anonymous>)
      at setup (file://[PLUGIN_ROOT]/test/harness/workflow_candidate.test.ts:14:22)
      at TestContext.<anonymous> (file://[PLUGIN_ROOT]/test/harness/workflow_candidate.test.ts:30:10)
      at Test.runInAsyncScope (node:async_hooks:227:14)
      at Test.run (node:internal/test_runner/test:1325:25)
      at Test.processPendingSubtests (node:internal/test_runner/test:911:18)
      at Test.postRun (node:internal/test_runner/test:1465:19)
      at Test.run (node:internal/test_runner/test:1390:12)
      at async startSubtestAfterBootstrap (node:internal/test_runner/harness:385:3)

test at test/harness/workflow_candidate.test.ts:36:1
✖ retained source drift refuses the subject before installation (26.381125ms)
  SyntaxError: Unexpected non-whitespace character after JSON at position 3 (line 1 column 4)
      at JSON.parse (<anonymous>)
      at setup (file://[PLUGIN_ROOT]/test/harness/workflow_candidate.test.ts:14:22)
      at TestContext.<anonymous> (file://[PLUGIN_ROOT]/test/harness/workflow_candidate.test.ts:37:10)
      at Test.runInAsyncScope (node:async_hooks:227:14)
      at Test.run (node:internal/test_runner/test:1325:25)
      at Test.processPendingSubtests (node:internal/test_runner/test:911:18)
      at Test.postRun (node:internal/test_runner/test:1465:19)
      at Test.run (node:internal/test_runner/test:1390:12)
      at async Test.processPendingSubtests (node:internal/test_runner/test:911:7)

test at test/harness/workflow_candidate.test.ts:39:1
✖ candidate selection never replaces the required execution grant (25.295958ms)
  SyntaxError: Unexpected non-whitespace character after JSON at position 3 (line 1 column 4)
      at JSON.parse (<anonymous>)
      at setup (file://[PLUGIN_ROOT]/test/harness/workflow_candidate.test.ts:14:22)
      at TestContext.<anonymous> (file://[PLUGIN_ROOT]/test/harness/workflow_candidate.test.ts:40:10)
      at Test.runInAsyncScope (node:async_hooks:227:14)
      at Test.run (node:internal/test_runner/test:1325:25)
      at Test.processPendingSubtests (node:internal/test_runner/test:911:18)
      at Test.postRun (node:internal/test_runner/test:1465:19)
      at Test.run (node:internal/test_runner/test:1390:12)
      at async Test.processPendingSubtests (node:internal/test_runner/test:911:7)

test at test/harness/workflow_candidate.test.ts:42:1
✖ an execution grant cannot bypass runtime selection for a retained candidate (26.44575ms)
  SyntaxError: Unexpected non-whitespace character after JSON at position 3 (line 1 column 4)
      at JSON.parse (<anonymous>)
      at setup (file://[PLUGIN_ROOT]/test/harness/workflow_candidate.test.ts:14:22)
      at TestContext.<anonymous> (file://[PLUGIN_ROOT]/test/harness/workflow_candidate.test.ts:43:10)
      at Test.runInAsyncScope (node:async_hooks:227:14)
      at Test.run (node:internal/test_runner/test:1325:25)
      at Test.processPendingSubtests (node:internal/test_runner/test:911:18)
      at Test.postRun (node:internal/test_runner/test:1465:19)
      at Test.run (node:internal/test_runner/test:1390:12)
      at async Test.processPendingSubtests (node:internal/test_runner/test:911:7)

test at test/harness/workflow_candidate.test.ts:45:1
✖ a selected different runtime fences an otherwise authorized retained candidate (29.404292ms)
  SyntaxError: Unexpected non-whitespace character after JSON at position 3 (line 1 column 4)
      at JSON.parse (<anonymous>)
      at setup (file://[PLUGIN_ROOT]/test/harness/workflow_candidate.test.ts:14:22)
      at TestContext.<anonymous> (file://[PLUGIN_ROOT]/test/harness/workflow_candidate.test.ts:46:10)
      at Test.runInAsyncScope (node:async_hooks:227:14)
      at Test.run (node:internal/test_runner/test:1325:25)
      at Test.processPendingSubtests (node:internal/test_runner/test:911:18)
      at Test.postRun (node:internal/test_runner/test:1465:19)
      at Test.run (node:internal/test_runner/test:1390:12)
      at async Test.processPendingSubtests (node:internal/test_runner/test:911:7)
