✔ private host grant binds the exact operation and is re-read for revocation and expiry (3.063ms)
✔ host grant files reject shared permissions, symlinks and ambiguous JSON (0.935375ms)
✔ cancel request persists before signalling, invalidates the writer, and confirms only after native group stops (92.454333ms)
✔ unsupported cancellation retains running process, occupancy, reservation and partial diagnostics after reopen (62.561334ms)
✔ PID reuse or changed birth identity cannot signal a process even when its numeric PID matches (60.745542ms)
✔ lost cancellation reply is recovered from durable request without new attempts or double settlement (85.998458ms)
✔ restart after confirmed cancellation but before settlement finishes accounting exactly once (85.37275ms)
✔ parent cancellation fences its running child and prevents any new dependent dispatch (35.167458ms)
✔ revocation before the supported stop action leaves a requested cancellation and running native group (57.871084ms)
✔ an exited actual host leaves its identity-bound detached child running, budget held and cancellation unconfirmed (132.772ms)
✔ actual cancellation CLI uses a private host grant and requires an explicit signal action (571.691ms)
✔ capability diagnostic preserves a cloned safe difference, not caller mutation (0.763083ms)
✔ capability diagnostic rejects path, extra field, malformed hash, and inconsistent status (0.154ms)
✔ actual Python native workflow binds SQL attempts, preserves original project and does not repeat a completed attempt (16249.489167ms)
✔ public task mapping uses registered identity and keeps internal fields in the domain ledger (5.3635ms)
✔ actual temporal/audio fixtures detect synchronization, per-channel clipping and decode failure (2501.416208ms)
✔ request binds candidate, project, input, goal, rubric, execution and reviewer identities without generator commentary (0.988459ms)
✔ a high creative score cannot cover a real decode failure or manufacture user acceptance (0.502916ms)
✔ a known technical failure blocks even when the rubric did not request that dimension (0.206833ms)
✔ a static frame cannot pass synchronization, clipping, subtitle timing, continuity or rhythm (0.232791ms)
✔ missing temporal evidence is explicit and cannot become PASS from an empty required set (0.184625ms)
✔ even complete independent quality PASS is review-ready rather than user-accepted or completed (0.268417ms)
✔ changing candidate changes the review identity and invalidates the old request (0.225916ms)
✔ changing project changes the review identity and invalidates the old request (0.144333ms)
✔ changing inputs changes the review identity and invalidates the old request (0.164458ms)
✔ changing execution changes the review identity and invalidates the old request (0.561916ms)
✔ changing goal changes the review identity and invalidates the old request (0.166125ms)
✔ changing rubric changes the review identity and invalidates the old request (0.117375ms)
✔ changing reviewer changes the review identity and invalidates the old request (0.116042ms)
✔ import requires a trusted independent context verifier; body declarations cannot authorize it (688.742959ms)
✔ stored PASS cannot replay after candidate changes (224.384417ms)
✔ stored PASS cannot replay after project changes (221.820167ms)
✔ stored PASS cannot replay after input changes (222.512166ms)
✔ stored PASS cannot replay after execution changes (244.455417ms)
✔ stored PASS cannot replay after epoch changes (248.961458ms)
✔ stored PASS cannot replay after goal changes (205.289ms)
✔ stored PASS cannot replay after rubric changes (204.127667ms)
✔ stored PASS cannot replay after reviewer changes (200.375667ms)
✔ external process receives only frozen work and explicit environment, excludes generator context (283.862167ms)
✔ private review CAS refuses replaced originals (117.535ms)
✔ candidate mutation during trusted context verification cannot commit a successful receipt (181.12525ms)
✔ legacy command receipt is linked without rewriting native integers or declaring completion (29.14975ms)
✔ conflicting identity, absent identity and duplicate JSON keys cannot become a successful receipt (26.639042ms)
✔ a moved or replaced candidate makes evidence stale and does not overwrite stored originals (25.835417ms)
✔ receipt paths reject traversal and symlinks before reading their targets (25.697583ms)
✔ strict lossless parsing preserves unsafe native integers and rejects ambiguity (0.230958ms)
✔ plan normalization keeps Python native hashes compatible and refuses duplicate or nonfinite values (84.739791ms)
✔ delivery mapping binds native project, input versions, packaged dependencies and exchange loss without quality PASS (159.635834ms)
✔ missing capability evidence remains unknown and a mismatching packaged dependency cannot be delivered (91.126959ms)
✔ legacy output execution maps declared new inputs separately from inherited project inputs (113.205375ms)
✔ failed-stage receipts retain original bytes and missing historical identities without following stage paths (25.158542ms)
✔ delivery without the same-attempt execution record remains unknown and cannot expose output artifacts (70.688292ms)
✔ execution owner PID must match the attempt and legacy missing process identity stays unknown (87.581667ms)
✔ old artifacts cannot be relabeled as a later task attempt even when plan and runtime match (196.780542ms)
✔ conflicting same-kind observations retain original CAS bytes and do not replace the original association (90.599375ms)
✔ current missing process evidence cannot inherit an older linked conclusion from the receipt index (161.401042ms)
✔ delivery refuses self-consistent but false exchange-loss claims and absent loss identity (370.013167ms)
✔ packaged inputs at the delivery root are dependencies rather than missing derivative reports (46.361167ms)
✔ read-only diagnosis sees committed WAL state without changing database, sidecars, projects or missing blob directories (16.828875ms)
✔ damaged database and missing receipts remain structured unknown and never create or overwrite state (2.002083ms)
✔ an actually running detached process remains occupied after its host state becomes unknown (37.052708ms)
✔ lost replies are diagnosed without writes and repaired only with fresh evidence, matching authorization and fenced intent (422.15ms)
✔ changed candidate, missing export record or missing process identity cannot unlock or repair an unknown task (174.699458ms)
✔ recovery intent survives reopening; an active or expired old recovery owner cannot commit (101.007375ms)
✔ a partial receipt handoff remains diagnostically complete only when both current native records agree (370.877167ms)
✔ legacy ledger snapshots remain read-only and an explicit writer upgrades without replacing task or attempt identities (59.341208ms)
✔ CLI inspect and reconcile are both read-only; unknown diagnosis is explicit (177.872708ms)
✔ freshly requested repair of an already reconciled attempt is read-only and does not create another recovery intent (453.863875ms)
✔ two actual recovery processes cannot apply the same uncertain attempt twice (401.196875ms)
✔ logical task identity corruption is diagnosed as unknown without rewriting corrupt bytes (5.913416ms)
✔ matching authorization references alone cannot authorize state repair (143.687916ms)
✔ expired or revoked host authorization cannot change an uncertain attempt (188.979875ms)
✔ legacy writer must require an explicit verified backup before migration (5.333875ms)
✔ continuation cannot substitute for independent state repair of an executed but uncertain attempt (137.777833ms)
✔ authorization revoked after recovery intent is durable abandons repair without releasing unknown occupancy (277.713791ms)
✔ an exited actual host does not imply its detached controlled child stopped (33.89ms)
✔ CLI repair checks an actual private host grant rather than trusting reference flags (541.977583ms)
✔ reservations survive reopening without a second charge; unknown retains concurrency and disk (6.310666ms)
✔ deterministic rejection for timeMs preserves reason and starts no attempt (2.941875ms)
✔ deterministic rejection for diskBytes preserves reason and starts no attempt (3.013334ms)
✔ deterministic rejection for outputBytes preserves reason and starts no attempt (2.991875ms)
✔ deterministic rejection for slots preserves reason and starts no attempt (2.792541ms)
✔ deterministic rejection for revisions preserves reason and starts no attempt (3.306291ms)
✔ physical disk shortage rejects before reservation even when numeric quota permits it (3.152ms)
✔ parent and child share reservation, deadline, concurrency and revision count (4.229458ms)
✔ expired time reservation halts new dependencies without releasing unknown work (3.60875ms)
✔ schema4 forensic integrity rejects altered consumed accounting before trusting recovered reservations (2.894166ms)
✔ an actual killed reservation owner cannot reset durable charges or create a second reservation (71.685042ms)
✔ persisted policy cannot reset rounds or expand field/goal scope; original authorization reference is reused (2279.570458ms)
✔ a new candidate needs its own review; old task PASS cannot be relabeled (2685.056167ms)
✔ non-target mutation rejects candidate and retains original verified best (1917.711ms)
✔ failure limit retains a verified best and unresolved technical findings (2866.24175ms)
✔ stagnation_limit stops with explicit null when no candidate is verified (2634.909292ms)
✔ round_limit stops with explicit null when no candidate is verified (2552.620333ms)
✔ unknown pending round blocks dispatch and cannot reuse its slot after a restart (2057.404542ms)
✔ budget stop and stale best remain explicit; no last candidate is promoted (1811.240417ms)
✔ state integrity refuses a modified round rather than trusting stored self-evaluation (1455.610333ms)
✔ goal or rubric change invalidates all previous best evidence and permanently fences dispatch (1538.31925ms)
✔ local scope compiles pinned source, target and no-ripple commands; relocation retains identity (1.734792ms)
✔ stale project and unknown target reject before a native plan can be used (0.38125ms)
✔ revision rejects field drift rather than approving the candidate (0.347333ms)
✔ revision rejects track drift rather than approving the candidate (0.270291ms)
✔ revision rejects dependency drift rather than approving the candidate (0.202375ms)
✔ revision rejects interval drift rather than approving the candidate (0.199083ms)
✔ revision rejects wrong-result drift rather than approving the candidate (0.168542ms)
✔ unsupported operation, ripple, owner, broad object field and dependency scope are refused (0.285542ms)
✔ runtime switch persists generation, retains old identity and fences stale admission (5.555708ms)
✔ planned, live and unknown work prevent upgrade without switching identity (3.257208ms)
✔ compatible rollback preserves history and incompatible schema cannot become active (3.069167ms)
✔ runtime selection cannot be authorized by its own body (2.581833ms)
✔ selection survives a new connection and history corruption fails closed (4.132625ms)
✔ live execution retains its occupancy and refuses runtime replacement (3.746958ms)
✔ unknown execution retains its occupancy and refuses runtime replacement (4.307666ms)
✔ revoked authorization before publication preserves generation and old identity (2.700458ms)
✔ activation write transaction excludes another admission connection before selection publication (3.7345ms)
✔ an upgrade grant subject is specific to its actual ledger path (3.636083ms)
✔ failed or identity-drifting live probe cannot publish a new generation (2.555542ms)
✔ a stale activation generation is rejected before probing or publishing (2.705666ms)
✔ upgrade probe subject is read-only and binds ledger, runtime home, source and plan (24.713667ms)
✔ unauthorized runtime probe installs nothing and leaves ledger untouched (9.006458ms)
✔ runtime CLI subject does not create a grant, installation, or ledger writes (184.137375ms)
✔ source drift during authorization is refused before installing a runtime (14.668875ms)
✔ probe authorization binds another ledger and interpreter rather than trusting a reference (78.440416ms)
✔ capability refusal survives the Python preflight boundary as capability_missing (52.59075ms)
✔ an unavailable platform is rejected before authorization, installation or ledger changes (2.972042ms)
✔ schema1 backup, upgrade and compatible rollback preserve unknown task, attempts, receipts and occupancy (89.378417ms)
✔ schema2 backup, upgrade and compatible rollback preserve unknown task, attempts, receipts and occupancy (58.082292ms)
✔ schema3 backup, upgrade and compatible rollback preserve unknown task, attempts, receipts and occupancy (59.052084ms)
✔ schema4 backup, upgrade and compatible rollback preserve unknown task, attempts, receipts and occupancy (57.597542ms)
✔ schema5 backup, upgrade and compatible rollback preserve unknown task, attempts, receipts and occupancy (57.296334ms)
✔ committed uncheckpointed WAL is preserved in backup and read-only diagnosis cannot alter any original sidecar (41.231459ms)
✔ a changed original during isolated inspection is unknown rather than a reusable old snapshot (10.923709ms)
✔ rollback refuses to discard new task records and does not overwrite the immutable old backup (35.629667ms)
✔ corrupt backups, unsupported ledgers and logical damage cannot be upgraded or claimed (34.599917ms)
✔ maintenance cannot run without authorization or while a live write lease is held (8.893083ms)
✔ an existing empty SQLite database is unknown, never an invitation to initialize FilmCraft state (0.7215ms)
✔ foreign and logically damaged ledgers are rejected before any backup or original SQLite write (7.368625ms)
✔ revocation after backup intent preserves original schema and the complete backup audit (33.6085ms)
✔ matching column names without FilmCraft structural constraints cannot claim a ledger (5.28025ms)
✔ the actual previous installed dev45 core refuses schema6 without editing current state (66.524583ms)
✔ same idempotency key returns the original task; changed identity conflicts without replacing it (4.889917ms)
✔ task IDs cannot overwrite another caller and input versions remain bound (2.819291ms)
✔ project occupancy survives close/reopen and unknown execution does not free the writer (5.54675ms)
✔ expired leases are fenced without automatically taking over or accepting an old completion (3.411166ms)
✔ intent is committed before submission and accepted execution is not completed delivery (4.785459ms)
✔ missing stop confirmation remains unknown; receipts cannot be spliced across attempts (3.604542ms)
✔ deadline and unsupported state database refuse execution without editing user files (2.736917ms)
✔ two actual processes cannot acquire the same project writer (76.113542ms)
✔ aliased output parents share idempotency and occupancy even with a different project key (3.670166ms)
✔ an unrelated SQLite database with user_version 1 is rejected without changing its bytes (1.884959ms)
✔ initial admission refuses missing host authority before preflight, installation or task registration (4.775042ms)
✔ execution authorization binds every task identity dimension instead of trusting a reference (1.109917ms)
✔ expired and mismatched execution decisions refuse admission without claiming an attempt (4.54025ms)
✔ revocation in host dispatch hook is re-read before any preflight or native launch (2.741958ms)
✔ a valid exact execute decision reaches the adapter without granting other subjects (2.396667ms)
✔ workflow CLI computes a subject read-only and refuses missing authority before creating a ledger (147.955792ms)
✔ resource policy is part of the exact execution grant (0.545708ms)
✔ retained candidate subject is read-only and remains bound to the exact source (76.663375ms)
✔ candidate caller cannot supply availability or a mismatched source identity (150.20475ms)
✔ retained source drift refuses the subject before installation (73.749417ms)
✔ candidate selection never replaces the required execution grant (73.83425ms)
✔ an execution grant cannot bypass runtime selection for a retained candidate (156.331833ms)
✔ a selected different runtime fences an otherwise authorized retained candidate (80.723ms)
✔ matching activated candidate reaches its own adapter instead of the bundled source (79.209584ms)
ℹ tests 164
ℹ suites 0
ℹ pass 164
ℹ fail 0
ℹ cancelled 0
ℹ skipped 0
ℹ todo 0
ℹ duration_ms 53460.352667
