✔ runtime switch persists generation, retains old identity and fences stale admission (7.17925ms)
✔ planned, live and unknown work prevent upgrade without switching identity (4.053083ms)
✔ compatible rollback preserves history and incompatible schema cannot become active (3.953417ms)
✔ runtime selection cannot be authorized by its own body (2.546166ms)
✔ selection survives a new connection and history corruption fails closed (4.374375ms)
✔ live execution retains its occupancy and refuses runtime replacement (4.25125ms)
✔ unknown execution retains its occupancy and refuses runtime replacement (4.413916ms)
✔ revoked authorization before publication preserves generation and old identity (3.217875ms)
✔ activation write transaction excludes another admission connection before selection publication (3.93925ms)
✔ an upgrade grant subject is specific to its actual ledger path (4.166667ms)
✔ failed or identity-drifting live probe cannot publish a new generation (2.892458ms)
✔ a stale activation generation is rejected before probing or publishing (2.32975ms)
✔ upgrade probe subject is read-only and binds ledger, runtime home, source and plan (24.972542ms)
✔ unauthorized runtime probe installs nothing and leaves ledger untouched (9.958125ms)
✔ runtime CLI subject does not create a grant, installation, or ledger writes (178.049792ms)
✔ source drift during authorization is refused before installing a runtime (14.0685ms)
✔ probe authorization binds another ledger and interpreter rather than trusting a reference (76.940042ms)
✔ capability refusal survives the Python preflight boundary as capability_missing (55.506375ms)
✔ an unavailable platform is rejected before authorization, installation or ledger changes (3.281375ms)
✔ retained candidate subject is read-only and remains bound to the exact source (76.091792ms)
✔ candidate caller cannot supply availability or a mismatched source identity (150.579542ms)
✔ retained source drift refuses the subject before installation (76.430833ms)
✔ candidate selection never replaces the required execution grant (76.7865ms)
✔ an execution grant cannot bypass runtime selection for a retained candidate (155.656083ms)
✔ a selected different runtime fences an otherwise authorized retained candidate (80.10275ms)
✔ matching activated candidate reaches its own adapter instead of the bundled source (79.849125ms)
ℹ tests 26
ℹ suites 0
ℹ pass 26
ℹ fail 0
ℹ cancelled 0
ℹ skipped 0
ℹ todo 0
ℹ duration_ms 785.685125
