✖ schema4 forensic integrity rejects altered consumed accounting before trusting recovered reservations (6.403667ms)
ℹ tests 1
ℹ suites 0
ℹ pass 0
ℹ fail 1
ℹ cancelled 0
ℹ skipped 0
ℹ todo 0
ℹ duration_ms 96.201416

✖ failing tests:

test at test/harness/resources.test.ts:71:1
✖ schema4 forensic integrity rejects altered consumed accounting before trusting recovered reservations (6.403667ms)
  AssertionError [ERR_ASSERTION]: Missing expected exception.
      at TestContext.<anonymous> (file://[USER_HOME]/workspaces/workspace-agent-skills/full-aigc-plugins-repositories/filmcraft-plugin/test/harness/resources.test.ts:75:10)
      at Test.runInAsyncScope (node:async_hooks:227:14)
      at Test.run (node:internal/test_runner/test:1325:25)
      at Test.start (node:internal/test_runner/test:1191:17)
      at startSubtestAfterBootstrap (node:internal/test_runner/harness:385:17) {
    generatedMessage: false,
    code: 'ERR_ASSERTION',
    actual: undefined,
    expected: /ledger_resource_corrupt/,
    operator: 'throws',
    diff: 'simple'
  }
