✔ private host grant binds the exact operation and is re-read for revocation and expiry (3.919208ms)
✔ host grant files reject shared permissions, symlinks and ambiguous JSON (1.326792ms)
✔ cancel request persists before signalling, invalidates the writer, and confirms only after native group stops (123.21475ms)
✔ unsupported cancellation retains running process, occupancy, reservation and partial diagnostics after reopen (78.867042ms)
✔ PID reuse or changed birth identity cannot signal a process even when its numeric PID matches (76.5615ms)
✔ lost cancellation reply is recovered from durable request without new attempts or double settlement (136.595541ms)
✔ restart after confirmed cancellation but before settlement finishes accounting exactly once (154.941458ms)
✔ parent cancellation fences its running child and prevents any new dependent dispatch (57.984916ms)
✔ revocation before the supported stop action leaves a requested cancellation and running native group (91.207042ms)
✔ an exited actual host leaves its identity-bound detached child running, budget held and cancellation unconfirmed (177.623291ms)
✔ actual cancellation CLI uses a private host grant and requires an explicit signal action (623.846292ms)
✔ actual Python native workflow binds SQL attempts, preserves original project and does not repeat a completed attempt (7831.620709ms)
✔ public task mapping uses registered identity and keeps internal fields in the domain ledger (7.73025ms)
✔ legacy command receipt is linked without rewriting native integers or declaring completion (40.802833ms)
✔ conflicting identity, absent identity and duplicate JSON keys cannot become a successful receipt (42.625084ms)
✔ a moved or replaced candidate makes evidence stale and does not overwrite stored originals (44.662875ms)
✔ receipt paths reject traversal and symlinks before reading their targets (41.393583ms)
✔ strict lossless parsing preserves unsafe native integers and rejects ambiguity (0.374459ms)
✔ plan normalization keeps Python native hashes compatible and refuses duplicate or nonfinite values (124.588667ms)
✔ delivery mapping binds native project, input versions, packaged dependencies and exchange loss without quality PASS (278.647541ms)
✔ missing capability evidence remains unknown and a mismatching packaged dependency cannot be delivered (133.352208ms)
✔ legacy output execution maps declared new inputs separately from inherited project inputs (199.428834ms)
✔ failed-stage receipts retain original bytes and missing historical identities without following stage paths (59.265375ms)
✔ delivery without the same-attempt execution record remains unknown and cannot expose output artifacts (159.203417ms)
✔ execution owner PID must match the attempt and legacy missing process identity stays unknown (231.638167ms)
✔ old artifacts cannot be relabeled as a later task attempt even when plan and runtime match (310.999417ms)
✔ conflicting same-kind observations retain original CAS bytes and do not replace the original association (111.017084ms)
✔ current missing process evidence cannot inherit an older linked conclusion from the receipt index (212.277083ms)
✔ read-only diagnosis sees committed WAL state without changing database, sidecars, projects or missing blob directories (18.282417ms)
✔ damaged database and missing receipts remain structured unknown and never create or overwrite state (2.397ms)
✔ an actually running detached process remains occupied after its host state becomes unknown (53.001917ms)
✔ lost replies are diagnosed without writes and repaired only with fresh evidence, matching authorization and fenced intent (514.189375ms)
✔ changed candidate, missing export record or missing process identity cannot unlock or repair an unknown task (199.704125ms)
✔ recovery intent survives reopening; an active or expired old recovery owner cannot commit (130.410834ms)
✔ a partial receipt handoff remains diagnostically complete only when both current native records agree (771.895667ms)
✔ legacy ledger snapshots remain read-only and an explicit writer upgrades without replacing task or attempt identities (50.548792ms)
✔ CLI inspect and reconcile are both read-only; unknown diagnosis is explicit (207.705917ms)
✔ freshly requested repair of an already reconciled attempt is read-only and does not create another recovery intent (1570.228583ms)
✔ two actual recovery processes cannot apply the same uncertain attempt twice (603.840541ms)
✔ logical task identity corruption is diagnosed as unknown without rewriting corrupt bytes (7.732792ms)
✔ matching authorization references alone cannot authorize state repair (281.753583ms)
✔ expired or revoked host authorization cannot change an uncertain attempt (317.585083ms)
✔ legacy writer must require an explicit verified backup before migration (6.618875ms)
✔ continuation cannot substitute for independent state repair of an executed but uncertain attempt (205.146333ms)
✔ authorization revoked after recovery intent is durable abandons repair without releasing unknown occupancy (370.435375ms)
✔ an exited actual host does not imply its detached controlled child stopped (37.771167ms)
✔ CLI repair checks an actual private host grant rather than trusting reference flags (643.760875ms)
✔ reservations survive reopening without a second charge; unknown retains concurrency and disk (8.537292ms)
✔ deterministic rejection for timeMs preserves reason and starts no attempt (3.702667ms)
✔ deterministic rejection for diskBytes preserves reason and starts no attempt (3.206542ms)
✔ deterministic rejection for outputBytes preserves reason and starts no attempt (2.52225ms)
✔ deterministic rejection for slots preserves reason and starts no attempt (3.02675ms)
✔ deterministic rejection for revisions preserves reason and starts no attempt (3.940875ms)
✔ physical disk shortage rejects before reservation even when numeric quota permits it (4.021083ms)
✔ parent and child share reservation, deadline, concurrency and revision count (4.425583ms)
✔ expired time reservation halts new dependencies without releasing unknown work (2.619666ms)
✔ schema4 forensic integrity rejects altered consumed accounting before trusting recovered reservations (3.938542ms)
✔ an actual killed reservation owner cannot reset durable charges or create a second reservation (86.414625ms)
✔ schema1 backup, upgrade and compatible rollback preserve unknown task, attempts, receipts and occupancy (79.550125ms)
✔ schema2 backup, upgrade and compatible rollback preserve unknown task, attempts, receipts and occupancy (82.567ms)
✔ schema3 backup, upgrade and compatible rollback preserve unknown task, attempts, receipts and occupancy (68.681875ms)
✔ committed uncheckpointed WAL is preserved in backup and read-only diagnosis cannot alter any original sidecar (41.155458ms)
✔ a changed original during isolated inspection is unknown rather than a reusable old snapshot (8.41525ms)
✔ rollback refuses to discard new task records and does not overwrite the immutable old backup (40.073375ms)
✔ corrupt backups, unsupported ledgers and logical damage cannot be upgraded or claimed (37.180375ms)
✔ maintenance cannot run without authorization or while a live write lease is held (8.668625ms)
✔ an existing empty SQLite database is unknown, never an invitation to initialize FilmCraft state (1.1075ms)
✔ foreign and logically damaged ledgers are rejected before any backup or original SQLite write (7.407042ms)
✔ revocation after backup intent preserves original schema and the complete backup audit (55.462292ms)
✔ matching column names without FilmCraft structural constraints cannot claim a ledger (6.018542ms)
✔ the actual previous installed dev45 core refuses schema4 without editing current state (87.979458ms)
✔ same idempotency key returns the original task; changed identity conflicts without replacing it (5.361875ms)
✔ task IDs cannot overwrite another caller and input versions remain bound (3.164875ms)
✔ project occupancy survives close/reopen and unknown execution does not free the writer (6.042667ms)
✔ expired leases are fenced without automatically taking over or accepting an old completion (3.189334ms)
✔ intent is committed before submission and accepted execution is not completed delivery (4.822208ms)
✔ missing stop confirmation remains unknown; receipts cannot be spliced across attempts (3.6705ms)
✔ deadline and unsupported state database refuse execution without editing user files (2.736291ms)
✔ two actual processes cannot acquire the same project writer (83.897917ms)
✔ aliased output parents share idempotency and occupancy even with a different project key (4.722334ms)
✔ an unrelated SQLite database with user_version 1 is rejected without changing its bytes (2.103667ms)
ℹ tests 81
ℹ suites 0
ℹ pass 81
ℹ fail 0
ℹ cancelled 0
ℹ skipped 0
ℹ todo 0
ℹ duration_ms 18925.816875
