✔ private host grant binds the exact operation and is re-read for revocation and expiry (4.5745ms)
✔ host grant files reject shared permissions, symlinks and ambiguous JSON (1.353458ms)
✔ actual Python native workflow binds SQL attempts, preserves original project and does not repeat a completed attempt (11138.121417ms)
✔ public task mapping uses registered identity and keeps internal fields in the domain ledger (5.292459ms)
✔ legacy command receipt is linked without rewriting native integers or declaring completion (31.110834ms)
✔ conflicting identity, absent identity and duplicate JSON keys cannot become a successful receipt (26.854708ms)
✔ a moved or replaced candidate makes evidence stale and does not overwrite stored originals (27.071292ms)
✔ receipt paths reject traversal and symlinks before reading their targets (26.061709ms)
✔ strict lossless parsing preserves unsafe native integers and rejects ambiguity (0.201208ms)
✔ plan normalization keeps Python native hashes compatible and refuses duplicate or nonfinite values (87.428667ms)
✔ delivery mapping binds native project, input versions, packaged dependencies and exchange loss without quality PASS (162.846208ms)
✔ missing capability evidence remains unknown and a mismatching packaged dependency cannot be delivered (93.155834ms)
✔ legacy output execution maps declared new inputs separately from inherited project inputs (113.454917ms)
✔ failed-stage receipts retain original bytes and missing historical identities without following stage paths (26.895709ms)
✔ delivery without the same-attempt execution record remains unknown and cannot expose output artifacts (72.254958ms)
✔ execution owner PID must match the attempt and legacy missing process identity stays unknown (93.501125ms)
✔ old artifacts cannot be relabeled as a later task attempt even when plan and runtime match (220.291875ms)
✔ conflicting same-kind observations retain original CAS bytes and do not replace the original association (110.634292ms)
✔ current missing process evidence cannot inherit an older linked conclusion from the receipt index (201.92275ms)
✔ read-only diagnosis sees committed WAL state without changing database, sidecars, projects or missing blob directories (15.09825ms)
✔ damaged database and missing receipts remain structured unknown and never create or overwrite state (2.468208ms)
✔ an actually running detached process remains occupied after its host state becomes unknown (38.958958ms)
✔ lost replies are diagnosed without writes and repaired only with fresh evidence, matching authorization and fenced intent (499.792542ms)
✔ changed candidate, missing export record or missing process identity cannot unlock or repair an unknown task (180.11675ms)
✔ recovery intent survives reopening; an active or expired old recovery owner cannot commit (97.824875ms)
✔ a partial receipt handoff remains diagnostically complete only when both current native records agree (381.09825ms)
✔ legacy ledger snapshots remain read-only and an explicit writer upgrades without replacing task or attempt identities (48.304667ms)
✔ CLI inspect and reconcile are both read-only; unknown diagnosis is explicit (156.959666ms)
✔ freshly requested repair of an already reconciled attempt is read-only and does not create another recovery intent (482.868417ms)
✔ two actual recovery processes cannot apply the same uncertain attempt twice (412.353916ms)
✔ logical task identity corruption is diagnosed as unknown without rewriting corrupt bytes (4.77925ms)
✔ matching authorization references alone cannot authorize state repair (146.274375ms)
✔ expired or revoked host authorization cannot change an uncertain attempt (215.741084ms)
✔ legacy writer must require an explicit verified backup before migration (4.071ms)
✔ continuation cannot substitute for independent state repair of an executed but uncertain attempt (184.734083ms)
✔ authorization revoked after recovery intent is durable abandons repair without releasing unknown occupancy (366.499959ms)
✔ an exited actual host does not imply its detached controlled child stopped (33.726166ms)
✔ CLI repair checks an actual private host grant rather than trusting reference flags (547.144917ms)
✔ schema1 backup, upgrade and compatible rollback preserve unknown task, attempts, receipts and occupancy (74.962125ms)
✔ schema2 backup, upgrade and compatible rollback preserve unknown task, attempts, receipts and occupancy (57.711875ms)
✔ committed uncheckpointed WAL is preserved in backup and read-only diagnosis cannot alter any original sidecar (42.173792ms)
✔ a changed original during isolated inspection is unknown rather than a reusable old snapshot (7.953708ms)
✔ rollback refuses to discard new task records and does not overwrite the immutable old backup (38.115917ms)
✔ corrupt backups, unsupported ledgers and logical damage cannot be upgraded or claimed (32.273083ms)
✔ maintenance cannot run without authorization or while a live write lease is held (9.169167ms)
✔ an existing empty SQLite database is unknown, never an invitation to initialize FilmCraft state (1.264334ms)
✔ foreign and logically damaged ledgers are rejected before any backup or original SQLite write (7.800709ms)
✔ revocation after backup intent preserves original schema and the complete backup audit (37.642ms)
✔ matching column names without FilmCraft structural constraints cannot claim a ledger (4.870666ms)
✔ the actual previous installed dev45 core refuses schema3 without editing current state (71.906333ms)
✔ same idempotency key returns the original task; changed identity conflicts without replacing it (5.090542ms)
✔ task IDs cannot overwrite another caller and input versions remain bound (2.662167ms)
✔ project occupancy survives close/reopen and unknown execution does not free the writer (4.567458ms)
✔ expired leases are fenced without automatically taking over or accepting an old completion (3.155167ms)
✔ intent is committed before submission and accepted execution is not completed delivery (3.553583ms)
✔ missing stop confirmation remains unknown; receipts cannot be spliced across attempts (3.971167ms)
✔ deadline and unsupported state database refuse execution without editing user files (2.274209ms)
✔ two actual processes cannot acquire the same project writer (77.135666ms)
✔ aliased output parents share idempotency and occupancy even with a different project key (3.668541ms)
✔ an unrelated SQLite database with user_version 1 is rejected without changing its bytes (1.751584ms)
ℹ tests 60
ℹ suites 0
ℹ pass 60
ℹ fail 0
ℹ cancelled 0
ℹ skipped 0
ℹ todo 0
ℹ duration_ms 17319.0925
