✔ private host grant binds the exact operation and is re-read for revocation and expiry (2.734125ms)
✔ host grant files reject shared permissions, symlinks and ambiguous JSON (0.84825ms)
✔ cancel request persists before signalling, invalidates the writer, and confirms only after native group stops (92.619375ms)
✔ unsupported cancellation retains running process, occupancy, reservation and partial diagnostics after reopen (61.052792ms)
✔ PID reuse or changed birth identity cannot signal a process even when its numeric PID matches (58.14375ms)
✔ lost cancellation reply is recovered from durable request without new attempts or double settlement (86.681625ms)
✔ restart after confirmed cancellation but before settlement finishes accounting exactly once (87.497792ms)
✔ parent cancellation fences its running child and prevents any new dependent dispatch (35.00075ms)
✔ revocation before the supported stop action leaves a requested cancellation and running native group (60.508375ms)
✔ an exited actual host leaves its identity-bound detached child running, budget held and cancellation unconfirmed (129.598208ms)
✔ actual cancellation CLI uses a private host grant and requires an explicit signal action (517.087875ms)
✔ actual Python native workflow binds SQL attempts, preserves original project and does not repeat a completed attempt (22673.51625ms)
✔ public task mapping uses registered identity and keeps internal fields in the domain ledger (5.391792ms)
✔ actual temporal/audio fixtures detect synchronization, per-channel clipping and decode failure (2501.497416ms)
✔ request binds candidate, project, input, goal, rubric, execution and reviewer identities without generator commentary (0.984416ms)
✔ a high creative score cannot cover a real decode failure or manufacture user acceptance (0.514958ms)
✔ a known technical failure blocks even when the rubric did not request that dimension (0.213583ms)
✔ a static frame cannot pass synchronization, clipping, subtitle timing, continuity or rhythm (0.241916ms)
✔ missing temporal evidence is explicit and cannot become PASS from an empty required set (0.185208ms)
✔ even complete independent quality PASS is review-ready rather than user-accepted or completed (0.259333ms)
✔ changing candidate changes the review identity and invalidates the old request (0.236333ms)
✔ changing project changes the review identity and invalidates the old request (0.200708ms)
✔ changing inputs changes the review identity and invalidates the old request (0.155041ms)
✔ changing execution changes the review identity and invalidates the old request (0.65425ms)
✔ changing goal changes the review identity and invalidates the old request (0.199ms)
✔ changing rubric changes the review identity and invalidates the old request (0.183541ms)
✔ changing reviewer changes the review identity and invalidates the old request (0.14ms)
✔ import requires a trusted independent context verifier; body declarations cannot authorize it (737.253291ms)
✔ stored PASS cannot replay after candidate changes (234.947417ms)
✔ stored PASS cannot replay after project changes (239.136125ms)
✔ stored PASS cannot replay after input changes (251.076834ms)
✔ stored PASS cannot replay after execution changes (270.813375ms)
✔ stored PASS cannot replay after epoch changes (263.708333ms)
✔ stored PASS cannot replay after goal changes (217.122125ms)
✔ stored PASS cannot replay after rubric changes (211.981709ms)
✔ stored PASS cannot replay after reviewer changes (212.412542ms)
✔ external process receives only frozen work and explicit environment, excludes generator context (307.237584ms)
✔ private review CAS refuses replaced originals (120.429375ms)
✔ candidate mutation during trusted context verification cannot commit a successful receipt (188.914375ms)
✔ legacy command receipt is linked without rewriting native integers or declaring completion (31.069917ms)
✔ conflicting identity, absent identity and duplicate JSON keys cannot become a successful receipt (34.564417ms)
✔ a moved or replaced candidate makes evidence stale and does not overwrite stored originals (28.239625ms)
✔ receipt paths reject traversal and symlinks before reading their targets (26.454625ms)
✔ strict lossless parsing preserves unsafe native integers and rejects ambiguity (0.180584ms)
✔ plan normalization keeps Python native hashes compatible and refuses duplicate or nonfinite values (89.996292ms)
✔ delivery mapping binds native project, input versions, packaged dependencies and exchange loss without quality PASS (171.3155ms)
✔ missing capability evidence remains unknown and a mismatching packaged dependency cannot be delivered (99.616625ms)
✔ legacy output execution maps declared new inputs separately from inherited project inputs (119.243042ms)
✔ failed-stage receipts retain original bytes and missing historical identities without following stage paths (27.003625ms)
✔ delivery without the same-attempt execution record remains unknown and cannot expose output artifacts (72.813833ms)
✔ execution owner PID must match the attempt and legacy missing process identity stays unknown (91.569958ms)
✔ old artifacts cannot be relabeled as a later task attempt even when plan and runtime match (209.991375ms)
✔ conflicting same-kind observations retain original CAS bytes and do not replace the original association (95.396834ms)
✔ current missing process evidence cannot inherit an older linked conclusion from the receipt index (170.166416ms)
✔ delivery refuses self-consistent but false exchange-loss claims and absent loss identity (395.146125ms)
✔ packaged inputs at the delivery root are dependencies rather than missing derivative reports (50.627916ms)
✔ read-only diagnosis sees committed WAL state without changing database, sidecars, projects or missing blob directories (22.606375ms)
✔ damaged database and missing receipts remain structured unknown and never create or overwrite state (2.909583ms)
✔ an actually running detached process remains occupied after its host state becomes unknown (39.812083ms)
✔ lost replies are diagnosed without writes and repaired only with fresh evidence, matching authorization and fenced intent (448.87375ms)
✔ changed candidate, missing export record or missing process identity cannot unlock or repair an unknown task (184.847458ms)
✔ recovery intent survives reopening; an active or expired old recovery owner cannot commit (100.576083ms)
✔ a partial receipt handoff remains diagnostically complete only when both current native records agree (423.733875ms)
✔ legacy ledger snapshots remain read-only and an explicit writer upgrades without replacing task or attempt identities (47.486167ms)
✔ CLI inspect and reconcile are both read-only; unknown diagnosis is explicit (166.533041ms)
✔ freshly requested repair of an already reconciled attempt is read-only and does not create another recovery intent (478.01125ms)
✔ two actual recovery processes cannot apply the same uncertain attempt twice (411.855625ms)
✔ logical task identity corruption is diagnosed as unknown without rewriting corrupt bytes (4.821208ms)
✔ matching authorization references alone cannot authorize state repair (147.32975ms)
✔ expired or revoked host authorization cannot change an uncertain attempt (198.953333ms)
✔ legacy writer must require an explicit verified backup before migration (3.69425ms)
✔ continuation cannot substitute for independent state repair of an executed but uncertain attempt (144.228417ms)
✔ authorization revoked after recovery intent is durable abandons repair without releasing unknown occupancy (287.39125ms)
✔ an exited actual host does not imply its detached controlled child stopped (33.340667ms)
✔ CLI repair checks an actual private host grant rather than trusting reference flags (555.031583ms)
✔ reservations survive reopening without a second charge; unknown retains concurrency and disk (6.747583ms)
✔ deterministic rejection for timeMs preserves reason and starts no attempt (2.751458ms)
✔ deterministic rejection for diskBytes preserves reason and starts no attempt (2.543083ms)
✔ deterministic rejection for outputBytes preserves reason and starts no attempt (2.514416ms)
✔ deterministic rejection for slots preserves reason and starts no attempt (2.251416ms)
✔ deterministic rejection for revisions preserves reason and starts no attempt (2.46525ms)
✔ physical disk shortage rejects before reservation even when numeric quota permits it (2.258459ms)
✔ parent and child share reservation, deadline, concurrency and revision count (3.664709ms)
✔ expired time reservation halts new dependencies without releasing unknown work (2.456917ms)
✔ schema4 forensic integrity rejects altered consumed accounting before trusting recovered reservations (2.491125ms)
✔ an actual killed reservation owner cannot reset durable charges or create a second reservation (72.120791ms)
✔ persisted policy cannot reset rounds or expand field/goal scope; original authorization reference is reused (2340.65925ms)
✔ a new candidate needs its own review; old task PASS cannot be relabeled (2647.347ms)
✔ non-target mutation rejects candidate and retains original verified best (1774.208541ms)
✔ failure limit retains a verified best and unresolved technical findings (2559.233917ms)
✔ stagnation_limit stops with explicit null when no candidate is verified (2473.299666ms)
✔ round_limit stops with explicit null when no candidate is verified (2727.229167ms)
✔ unknown pending round blocks dispatch and cannot reuse its slot after a restart (2102.884708ms)
✔ budget stop and stale best remain explicit; no last candidate is promoted (1860.919125ms)
✔ state integrity refuses a modified round rather than trusting stored self-evaluation (1532.327375ms)
✔ goal or rubric change invalidates all previous best evidence and permanently fences dispatch (1605.2265ms)
✔ local scope compiles pinned source, target and no-ripple commands; relocation retains identity (1.98725ms)
✔ stale project and unknown target reject before a native plan can be used (0.529667ms)
✔ revision rejects field drift rather than approving the candidate (0.3975ms)
✔ revision rejects track drift rather than approving the candidate (0.306958ms)
✔ revision rejects dependency drift rather than approving the candidate (0.217375ms)
✔ revision rejects interval drift rather than approving the candidate (0.203875ms)
✔ revision rejects wrong-result drift rather than approving the candidate (0.173959ms)
✔ unsupported operation, ripple, owner, broad object field and dependency scope are refused (0.352167ms)
✔ schema1 backup, upgrade and compatible rollback preserve unknown task, attempts, receipts and occupancy (73.298417ms)
✔ schema2 backup, upgrade and compatible rollback preserve unknown task, attempts, receipts and occupancy (54.355875ms)
✔ schema3 backup, upgrade and compatible rollback preserve unknown task, attempts, receipts and occupancy (72.224125ms)
✔ schema4 backup, upgrade and compatible rollback preserve unknown task, attempts, receipts and occupancy (69.31775ms)
✔ committed uncheckpointed WAL is preserved in backup and read-only diagnosis cannot alter any original sidecar (43.613208ms)
✔ a changed original during isolated inspection is unknown rather than a reusable old snapshot (8.680334ms)
✔ rollback refuses to discard new task records and does not overwrite the immutable old backup (51.102ms)
✔ corrupt backups, unsupported ledgers and logical damage cannot be upgraded or claimed (47.195125ms)
✔ maintenance cannot run without authorization or while a live write lease is held (8.9785ms)
✔ an existing empty SQLite database is unknown, never an invitation to initialize FilmCraft state (1.064625ms)
✔ foreign and logically damaged ledgers are rejected before any backup or original SQLite write (6.926125ms)
✔ revocation after backup intent preserves original schema and the complete backup audit (48.055834ms)
✔ matching column names without FilmCraft structural constraints cannot claim a ledger (5.267666ms)
✔ the actual previous installed dev45 core refuses schema5 without editing current state (70.160334ms)
✔ same idempotency key returns the original task; changed identity conflicts without replacing it (4.891958ms)
✔ task IDs cannot overwrite another caller and input versions remain bound (2.586666ms)
✔ project occupancy survives close/reopen and unknown execution does not free the writer (4.844042ms)
✔ expired leases are fenced without automatically taking over or accepting an old completion (2.683333ms)
✔ intent is committed before submission and accepted execution is not completed delivery (3.887709ms)
✔ missing stop confirmation remains unknown; receipts cannot be spliced across attempts (3.422875ms)
✔ deadline and unsupported state database refuse execution without editing user files (2.428375ms)
✔ two actual processes cannot acquire the same project writer (79.438416ms)
✔ aliased output parents share idempotency and occupancy even with a different project key (3.420792ms)
✔ an unrelated SQLite database with user_version 1 is rejected without changing its bytes (2.147792ms)
✔ initial admission refuses missing host authority before preflight, installation or task registration (4.257708ms)
✔ execution authorization binds every task identity dimension instead of trusting a reference (1.15ms)
✔ expired and mismatched execution decisions refuse admission without claiming an attempt (4.567208ms)
✔ revocation in host dispatch hook is re-read before any preflight or native launch (2.503958ms)
✔ a valid exact execute decision reaches the adapter without granting other subjects (1.910625ms)
✔ workflow CLI computes a subject read-only and refuses missing authority before creating a ledger (151.240875ms)
✔ resource policy is part of the exact execution grant (0.663584ms)
ℹ tests 135
ℹ suites 0
ℹ pass 135
ℹ fail 0
ℹ cancelled 0
ℹ skipped 0
ℹ todo 0
ℹ duration_ms 58755.435542
