✔ private host grant binds the exact operation and is re-read for revocation and expiry (3.425958ms)
✔ host grant files reject shared permissions, symlinks and ambiguous JSON (1.078917ms)
✔ cancel request persists before signalling, invalidates the writer, and confirms only after native group stops (123.312709ms)
✔ unsupported cancellation retains running process, occupancy, reservation and partial diagnostics after reopen (74.31275ms)
✔ PID reuse or changed birth identity cannot signal a process even when its numeric PID matches (69.951125ms)
✔ lost cancellation reply is recovered from durable request without new attempts or double settlement (96.147208ms)
✔ restart after confirmed cancellation but before settlement finishes accounting exactly once (104.569666ms)
✔ parent cancellation fences its running child and prevents any new dependent dispatch (37.416ms)
✔ revocation before the supported stop action leaves a requested cancellation and running native group (66.3385ms)
✔ an exited actual host leaves its identity-bound detached child running, budget held and cancellation unconfirmed (145.509292ms)
✔ actual cancellation CLI uses a private host grant and requires an explicit signal action (552.997167ms)
✔ actual Python native workflow binds SQL attempts, preserves original project and does not repeat a completed attempt (28395.755ms)
✔ public task mapping uses registered identity and keeps internal fields in the domain ledger (5.049541ms)
✔ actual temporal/audio fixtures detect synchronization, per-channel clipping and decode failure (2698.548042ms)
✔ request binds candidate, project, input, goal, rubric, execution and reviewer identities without generator commentary (1.000625ms)
✔ a high creative score cannot cover a real decode failure or manufacture user acceptance (0.515916ms)
✔ a known technical failure blocks even when the rubric did not request that dimension (0.204875ms)
✔ a static frame cannot pass synchronization, clipping, subtitle timing, continuity or rhythm (0.231792ms)
✔ missing temporal evidence is explicit and cannot become PASS from an empty required set (0.194625ms)
✔ even complete independent quality PASS is review-ready rather than user-accepted or completed (0.256875ms)
✔ changing candidate changes the review identity and invalidates the old request (0.2255ms)
✔ changing project changes the review identity and invalidates the old request (0.14025ms)
✔ changing inputs changes the review identity and invalidates the old request (0.147167ms)
✔ changing execution changes the review identity and invalidates the old request (0.475916ms)
✔ changing goal changes the review identity and invalidates the old request (0.153958ms)
✔ changing rubric changes the review identity and invalidates the old request (0.113583ms)
✔ changing reviewer changes the review identity and invalidates the old request (0.105209ms)
✔ import requires a trusted independent context verifier; body declarations cannot authorize it (717.380084ms)
✔ stored PASS cannot replay after candidate changes (233.24875ms)
✔ stored PASS cannot replay after project changes (230.519917ms)
✔ stored PASS cannot replay after input changes (228.587208ms)
✔ stored PASS cannot replay after execution changes (256.843625ms)
✔ stored PASS cannot replay after epoch changes (253.44025ms)
✔ stored PASS cannot replay after goal changes (208.4375ms)
✔ stored PASS cannot replay after rubric changes (209.405083ms)
✔ stored PASS cannot replay after reviewer changes (227.169334ms)
✔ external process receives only frozen work and explicit environment, excludes generator context (296.400041ms)
✔ private review CAS refuses replaced originals (114.286542ms)
✔ candidate mutation during trusted context verification cannot commit a successful receipt (188.569833ms)
✔ legacy command receipt is linked without rewriting native integers or declaring completion (30.550416ms)
✔ conflicting identity, absent identity and duplicate JSON keys cannot become a successful receipt (27.903875ms)
✔ a moved or replaced candidate makes evidence stale and does not overwrite stored originals (25.163042ms)
✔ receipt paths reject traversal and symlinks before reading their targets (25.011209ms)
✔ strict lossless parsing preserves unsafe native integers and rejects ambiguity (0.192416ms)
✔ plan normalization keeps Python native hashes compatible and refuses duplicate or nonfinite values (87.026792ms)
✔ delivery mapping binds native project, input versions, packaged dependencies and exchange loss without quality PASS (163.044542ms)
✔ missing capability evidence remains unknown and a mismatching packaged dependency cannot be delivered (92.661625ms)
✔ legacy output execution maps declared new inputs separately from inherited project inputs (118.579375ms)
✔ failed-stage receipts retain original bytes and missing historical identities without following stage paths (25.856083ms)
✔ delivery without the same-attempt execution record remains unknown and cannot expose output artifacts (71.199958ms)
✔ execution owner PID must match the attempt and legacy missing process identity stays unknown (93.46125ms)
✔ old artifacts cannot be relabeled as a later task attempt even when plan and runtime match (212.012125ms)
✔ conflicting same-kind observations retain original CAS bytes and do not replace the original association (95.251875ms)
✔ current missing process evidence cannot inherit an older linked conclusion from the receipt index (162.280375ms)
✔ read-only diagnosis sees committed WAL state without changing database, sidecars, projects or missing blob directories (13.268166ms)
✔ damaged database and missing receipts remain structured unknown and never create or overwrite state (2.808833ms)
✔ an actually running detached process remains occupied after its host state becomes unknown (37.794916ms)
✔ lost replies are diagnosed without writes and repaired only with fresh evidence, matching authorization and fenced intent (439.644041ms)
✔ changed candidate, missing export record or missing process identity cannot unlock or repair an unknown task (173.8055ms)
✔ recovery intent survives reopening; an active or expired old recovery owner cannot commit (101.800583ms)
✔ a partial receipt handoff remains diagnostically complete only when both current native records agree (376.570125ms)
✔ legacy ledger snapshots remain read-only and an explicit writer upgrades without replacing task or attempt identities (53.020833ms)
✔ CLI inspect and reconcile are both read-only; unknown diagnosis is explicit (162.289375ms)
✔ freshly requested repair of an already reconciled attempt is read-only and does not create another recovery intent (474.336ms)
✔ two actual recovery processes cannot apply the same uncertain attempt twice (405.261292ms)
✔ logical task identity corruption is diagnosed as unknown without rewriting corrupt bytes (5.44875ms)
✔ matching authorization references alone cannot authorize state repair (144.465ms)
✔ expired or revoked host authorization cannot change an uncertain attempt (196.343416ms)
✔ legacy writer must require an explicit verified backup before migration (3.575208ms)
✔ continuation cannot substitute for independent state repair of an executed but uncertain attempt (141.697667ms)
✔ authorization revoked after recovery intent is durable abandons repair without releasing unknown occupancy (284.960084ms)
✔ an exited actual host does not imply its detached controlled child stopped (34.993667ms)
✔ CLI repair checks an actual private host grant rather than trusting reference flags (544.356292ms)
✔ reservations survive reopening without a second charge; unknown retains concurrency and disk (6.436167ms)
✔ deterministic rejection for timeMs preserves reason and starts no attempt (2.51575ms)
✔ deterministic rejection for diskBytes preserves reason and starts no attempt (2.699667ms)
✔ deterministic rejection for outputBytes preserves reason and starts no attempt (2.11675ms)
✔ deterministic rejection for slots preserves reason and starts no attempt (2.377ms)
✔ deterministic rejection for revisions preserves reason and starts no attempt (2.209875ms)
✔ physical disk shortage rejects before reservation even when numeric quota permits it (2.31225ms)
✔ parent and child share reservation, deadline, concurrency and revision count (3.67975ms)
✔ expired time reservation halts new dependencies without releasing unknown work (2.23075ms)
✔ schema4 forensic integrity rejects altered consumed accounting before trusting recovered reservations (2.354292ms)
✔ an actual killed reservation owner cannot reset durable charges or create a second reservation (68.9175ms)
✔ persisted policy cannot reset rounds or expand field/goal scope; original authorization reference is reused (2257.188167ms)
✔ a new candidate needs its own review; old task PASS cannot be relabeled (2536.024583ms)
✔ non-target mutation rejects candidate and retains original verified best (1717.026709ms)
✔ failure limit retains a verified best and unresolved technical findings (2404.366042ms)
✔ stagnation_limit stops with explicit null when no candidate is verified (2461.132916ms)
✔ round_limit stops with explicit null when no candidate is verified (2429.179083ms)
✔ unknown pending round blocks dispatch and cannot reuse its slot after a restart (1954.220375ms)
✔ budget stop and stale best remain explicit; no last candidate is promoted (1804.978125ms)
✔ state integrity refuses a modified round rather than trusting stored self-evaluation (1464.378042ms)
✔ goal or rubric change invalidates all previous best evidence and permanently fences dispatch (1539.079333ms)
✔ local scope compiles pinned source, target and no-ripple commands; relocation retains identity (1.61825ms)
✔ stale project and unknown target reject before a native plan can be used (0.381708ms)
✔ revision rejects field drift rather than approving the candidate (0.356625ms)
✔ revision rejects track drift rather than approving the candidate (0.270625ms)
✔ revision rejects dependency drift rather than approving the candidate (0.206625ms)
✔ revision rejects interval drift rather than approving the candidate (0.192666ms)
✔ revision rejects wrong-result drift rather than approving the candidate (0.164916ms)
✔ unsupported operation, ripple, owner, broad object field and dependency scope are refused (0.277417ms)
✔ schema1 backup, upgrade and compatible rollback preserve unknown task, attempts, receipts and occupancy (72.716375ms)
✔ schema2 backup, upgrade and compatible rollback preserve unknown task, attempts, receipts and occupancy (71.705917ms)
✔ schema3 backup, upgrade and compatible rollback preserve unknown task, attempts, receipts and occupancy (59.114666ms)
✔ schema4 backup, upgrade and compatible rollback preserve unknown task, attempts, receipts and occupancy (63.228666ms)
✔ committed uncheckpointed WAL is preserved in backup and read-only diagnosis cannot alter any original sidecar (35.82975ms)
✔ a changed original during isolated inspection is unknown rather than a reusable old snapshot (7.160459ms)
✔ rollback refuses to discard new task records and does not overwrite the immutable old backup (42.176125ms)
✔ corrupt backups, unsupported ledgers and logical damage cannot be upgraded or claimed (45.793833ms)
✔ maintenance cannot run without authorization or while a live write lease is held (9.13875ms)
✔ an existing empty SQLite database is unknown, never an invitation to initialize FilmCraft state (1.007416ms)
✔ foreign and logically damaged ledgers are rejected before any backup or original SQLite write (7.601958ms)
✔ revocation after backup intent preserves original schema and the complete backup audit (41.414333ms)
✔ matching column names without FilmCraft structural constraints cannot claim a ledger (5.582542ms)
✔ the actual previous installed dev45 core refuses schema5 without editing current state (77.803125ms)
✔ same idempotency key returns the original task; changed identity conflicts without replacing it (6.361334ms)
✔ task IDs cannot overwrite another caller and input versions remain bound (2.964333ms)
✔ project occupancy survives close/reopen and unknown execution does not free the writer (6.061833ms)
✔ expired leases are fenced without automatically taking over or accepting an old completion (3.3455ms)
✔ intent is committed before submission and accepted execution is not completed delivery (4.815916ms)
✔ missing stop confirmation remains unknown; receipts cannot be spliced across attempts (3.8355ms)
✔ deadline and unsupported state database refuse execution without editing user files (2.846208ms)
✔ two actual processes cannot acquire the same project writer (82.438542ms)
✔ aliased output parents share idempotency and occupancy even with a different project key (3.513792ms)
✔ an unrelated SQLite database with user_version 1 is rejected without changing its bytes (1.961708ms)
ℹ tests 126
ℹ suites 0
ℹ pass 126
ℹ fail 0
ℹ cancelled 0
ℹ skipped 0
ℹ todo 0
ℹ duration_ms 62826.300959
