✔ private host grant binds the exact operation and is re-read for revocation and expiry (3.524625ms)
✔ host grant files reject shared permissions, symlinks and ambiguous JSON (1.126458ms)
✔ cancel request persists before signalling, invalidates the writer, and confirms only after native group stops (160.369458ms)
✔ unsupported cancellation retains running process, occupancy, reservation and partial diagnostics after reopen (91.360542ms)
✔ PID reuse or changed birth identity cannot signal a process even when its numeric PID matches (83.40375ms)
✔ lost cancellation reply is recovered from durable request without new attempts or double settlement (119.975583ms)
✔ restart after confirmed cancellation but before settlement finishes accounting exactly once (113.776708ms)
✔ parent cancellation fences its running child and prevents any new dependent dispatch (50.235916ms)
✔ revocation before the supported stop action leaves a requested cancellation and running native group (76.876166ms)
✔ an exited actual host leaves its identity-bound detached child running, budget held and cancellation unconfirmed (150.757292ms)
✔ actual cancellation CLI uses a private host grant and requires an explicit signal action (754.41025ms)
✔ actual Python native workflow binds SQL attempts, preserves original project and does not repeat a completed attempt (13039.619125ms)
✔ public task mapping uses registered identity and keeps internal fields in the domain ledger (6.663583ms)
✔ legacy command receipt is linked without rewriting native integers or declaring completion (37.544958ms)
✔ conflicting identity, absent identity and duplicate JSON keys cannot become a successful receipt (34.259083ms)
✔ a moved or replaced candidate makes evidence stale and does not overwrite stored originals (28.883292ms)
✔ receipt paths reject traversal and symlinks before reading their targets (30.71875ms)
✔ strict lossless parsing preserves unsafe native integers and rejects ambiguity (0.31725ms)
✔ plan normalization keeps Python native hashes compatible and refuses duplicate or nonfinite values (105.338583ms)
✔ delivery mapping binds native project, input versions, packaged dependencies and exchange loss without quality PASS (185.049625ms)
✔ missing capability evidence remains unknown and a mismatching packaged dependency cannot be delivered (108.600958ms)
✔ legacy output execution maps declared new inputs separately from inherited project inputs (135.138875ms)
✔ failed-stage receipts retain original bytes and missing historical identities without following stage paths (29.721458ms)
✔ delivery without the same-attempt execution record remains unknown and cannot expose output artifacts (79.651ms)
✔ execution owner PID must match the attempt and legacy missing process identity stays unknown (104.998167ms)
✔ old artifacts cannot be relabeled as a later task attempt even when plan and runtime match (274.247958ms)
✔ conflicting same-kind observations retain original CAS bytes and do not replace the original association (113.007417ms)
✔ current missing process evidence cannot inherit an older linked conclusion from the receipt index (195.424416ms)
✔ read-only diagnosis sees committed WAL state without changing database, sidecars, projects or missing blob directories (15.150958ms)
✔ damaged database and missing receipts remain structured unknown and never create or overwrite state (2.8155ms)
✔ an actually running detached process remains occupied after its host state becomes unknown (41.135792ms)
✔ lost replies are diagnosed without writes and repaired only with fresh evidence, matching authorization and fenced intent (550.660625ms)
✔ changed candidate, missing export record or missing process identity cannot unlock or repair an unknown task (275.41725ms)
✔ recovery intent survives reopening; an active or expired old recovery owner cannot commit (148.968834ms)
✔ a partial receipt handoff remains diagnostically complete only when both current native records agree (605.239666ms)
✔ legacy ledger snapshots remain read-only and an explicit writer upgrades without replacing task or attempt identities (61.487375ms)
✔ CLI inspect and reconcile are both read-only; unknown diagnosis is explicit (222.5515ms)
✔ freshly requested repair of an already reconciled attempt is read-only and does not create another recovery intent (1024.110917ms)
✔ two actual recovery processes cannot apply the same uncertain attempt twice (696.229583ms)
✔ logical task identity corruption is diagnosed as unknown without rewriting corrupt bytes (10.421083ms)
✔ matching authorization references alone cannot authorize state repair (225.647417ms)
✔ expired or revoked host authorization cannot change an uncertain attempt (416.471125ms)
✔ legacy writer must require an explicit verified backup before migration (9.396083ms)
✔ continuation cannot substitute for independent state repair of an executed but uncertain attempt (277.497084ms)
✔ authorization revoked after recovery intent is durable abandons repair without releasing unknown occupancy (432.845208ms)
✔ an exited actual host does not imply its detached controlled child stopped (50.2735ms)
✔ CLI repair checks an actual private host grant rather than trusting reference flags (734.7305ms)
✔ reservations survive reopening without a second charge; unknown retains concurrency and disk (8.464708ms)
✔ deterministic rejection for timeMs preserves reason and starts no attempt (3.521291ms)
✔ deterministic rejection for diskBytes preserves reason and starts no attempt (3.580792ms)
✔ deterministic rejection for outputBytes preserves reason and starts no attempt (4.24275ms)
✔ deterministic rejection for slots preserves reason and starts no attempt (3.106375ms)
✔ deterministic rejection for revisions preserves reason and starts no attempt (3.094ms)
✔ physical disk shortage rejects before reservation even when numeric quota permits it (3.677333ms)
✔ parent and child share reservation, deadline, concurrency and revision count (5.00675ms)
✔ expired time reservation halts new dependencies without releasing unknown work (3.73675ms)
✔ schema4 forensic integrity rejects altered consumed accounting before trusting recovered reservations (4.044208ms)
✔ an actual killed reservation owner cannot reset durable charges or create a second reservation (84.234667ms)
✔ schema1 backup, upgrade and compatible rollback preserve unknown task, attempts, receipts and occupancy (80.948166ms)
✔ schema2 backup, upgrade and compatible rollback preserve unknown task, attempts, receipts and occupancy (60.9955ms)
✔ schema3 backup, upgrade and compatible rollback preserve unknown task, attempts, receipts and occupancy (60.533708ms)
✔ committed uncheckpointed WAL is preserved in backup and read-only diagnosis cannot alter any original sidecar (42.60625ms)
✔ a changed original during isolated inspection is unknown rather than a reusable old snapshot (11.022791ms)
✔ rollback refuses to discard new task records and does not overwrite the immutable old backup (48.48675ms)
✔ corrupt backups, unsupported ledgers and logical damage cannot be upgraded or claimed (40.655416ms)
✔ maintenance cannot run without authorization or while a live write lease is held (16.347541ms)
✔ an existing empty SQLite database is unknown, never an invitation to initialize FilmCraft state (1.84825ms)
✔ foreign and logically damaged ledgers are rejected before any backup or original SQLite write (8.618459ms)
✔ revocation after backup intent preserves original schema and the complete backup audit (42.743084ms)
✔ matching column names without FilmCraft structural constraints cannot claim a ledger (5.768042ms)
✔ the actual previous installed dev45 core refuses schema4 without editing current state (77.540333ms)
✔ same idempotency key returns the original task; changed identity conflicts without replacing it (6.124625ms)
✔ task IDs cannot overwrite another caller and input versions remain bound (2.914ms)
✔ project occupancy survives close/reopen and unknown execution does not free the writer (6.469541ms)
✔ expired leases are fenced without automatically taking over or accepting an old completion (3.775833ms)
✔ intent is committed before submission and accepted execution is not completed delivery (5.115375ms)
✔ missing stop confirmation remains unknown; receipts cannot be spliced across attempts (4.24475ms)
✔ deadline and unsupported state database refuse execution without editing user files (3.264333ms)
✔ two actual processes cannot acquire the same project writer (88.701208ms)
✔ aliased output parents share idempotency and occupancy even with a different project key (5.023792ms)
✔ an unrelated SQLite database with user_version 1 is rejected without changing its bytes (2.145084ms)
ℹ tests 81
ℹ suites 0
ℹ pass 81
ℹ fail 0
ℹ cancelled 0
ℹ skipped 0
ℹ todo 0
ℹ duration_ms 23518.551833
