test_discovery_does_not_promote_other_dimensions (test_command_evidence.CommandEvidenceTests.test_discovery_does_not_promote_other_dimensions) ... ok
test_invalid_or_duplicate_discovery_rows_are_rejected (test_command_evidence.CommandEvidenceTests.test_invalid_or_duplicate_discovery_rows_are_rejected) ... ok
test_pass_requires_evidence_and_not_applicable_requires_reason (test_command_evidence.CommandEvidenceTests.test_pass_requires_evidence_and_not_applicable_requires_reason) ... ok
test_positive_negative_and_persistence_are_independent (test_command_evidence.CommandEvidenceTests.test_positive_negative_and_persistence_are_independent) ... ok
test_stale_runtime_platform_mode_or_source_is_rejected (test_command_evidence.CommandEvidenceTests.test_stale_runtime_platform_mode_or_source_is_rejected) ... ok
test_unknown_command_dimension_and_duplicate_claim_are_rejected (test_command_evidence.CommandEvidenceTests.test_unknown_command_dimension_and_duplicate_claim_are_rejected) ... ok
test_authority_bytes_and_tag_are_checked (test_contract_reference.ContractReferenceTests.test_authority_bytes_and_tag_are_checked) ... ok
test_bad_digest_path_and_url_rejected (test_contract_reference.ContractReferenceTests.test_bad_digest_path_and_url_rejected) ... ok
test_current_reference (test_contract_reference.ContractReferenceTests.test_current_reference) ... ok
test_floating_or_inconsistent_identity_rejected (test_contract_reference.ContractReferenceTests.test_floating_or_inconsistent_identity_rejected) ... ok
test_missing_file_or_protocol_rejected (test_contract_reference.ContractReferenceTests.test_missing_file_or_protocol_rejected) ... ok
test_bilingual_rendering_and_generated_snapshot_are_current (test_current_facts.CurrentFactsTests.test_bilingual_rendering_and_generated_snapshot_are_current) ... ok
test_each_authority_drift_is_rejected (test_current_facts.CurrentFactsTests.test_each_authority_drift_is_rejected) ... ok
test_generation_is_deterministic_and_does_not_promote_history (test_current_facts.CurrentFactsTests.test_generation_is_deterministic_and_does_not_promote_history) ... ok
test_historical_root_lock_does_not_select_active_runtime (test_current_facts.CurrentFactsTests.test_historical_root_lock_does_not_select_active_runtime) ... ok
test_reference_metadata_drift_is_visible_without_relabeling_snapshot (test_current_facts.CurrentFactsTests.test_reference_metadata_drift_is_visible_without_relabeling_snapshot) ... ok
test_local_docs_gate_rejects_stale_and_duplicate_current_identity (test_current_readme_identity.CurrentReadmeIdentityTests.test_local_docs_gate_rejects_stale_and_duplicate_current_identity) ... ok
test_ambiguous_missing_or_malformed_tag_results_are_rejected (test_fixed_install.FixedInstallTests.test_ambiguous_missing_or_malformed_tag_results_are_rejected) ... ok
test_existing_output_is_not_reused_or_modified (test_fixed_install.FixedInstallTests.test_existing_output_is_not_reused_or_modified) ... ok
test_foreign_manifest_or_missing_source_digest_is_rejected (test_fixed_install.FixedInstallTests.test_foreign_manifest_or_missing_source_digest_is_rejected) ... ok
test_installed_executable_content_and_path_escape_are_rejected_without_writes (test_fixed_install.FixedInstallTests.test_installed_executable_content_and_path_escape_are_rejected_without_writes) ... ok
test_invalid_or_mutable_ref_fails_before_output_or_host_configuration (test_fixed_install.FixedInstallTests.test_invalid_or_mutable_ref_fails_before_output_or_host_configuration) ... ok
test_malformed_source_objects_are_rejected_as_identity_errors (test_fixed_install.FixedInstallTests.test_malformed_source_objects_are_rejected_as_identity_errors) ... ok
test_remote_annotated_and_lightweight_tags_resolve_to_the_commit (test_fixed_install.FixedInstallTests.test_remote_annotated_and_lightweight_tags_resolve_to_the_commit) ... ok
test_tagged_entry_binds_manifest_source_and_all_skill_digests (test_fixed_install.FixedInstallTests.test_tagged_entry_binds_manifest_source_and_all_skill_digests) ... ok
test_dangling_output_symlink_cannot_redirect_evidence_writes (test_fixed_recovery.FixedRecoveryTests.test_dangling_output_symlink_cannot_redirect_evidence_writes) ... ok
test_existing_evidence_directory_is_never_overwritten (test_fixed_recovery.FixedRecoveryTests.test_existing_evidence_directory_is_never_overwritten) ... ok
test_relative_output_remains_at_callers_location_after_installed_child_changes_directory (test_fixed_recovery.FixedRecoveryTests.test_relative_output_remains_at_callers_location_after_installed_child_changes_directory) ... ok
test_complete_fixture_is_accepted_only_as_collector_unit_input (test_fixed_resources.FixedResourceCollectorTests.test_complete_fixture_is_accepted_only_as_collector_unit_input) ... ok
test_matrix_gap_identity_drift_and_unconfirmed_stop_cannot_pass (test_fixed_resources.FixedResourceCollectorTests.test_matrix_gap_identity_drift_and_unconfirmed_stop_cannot_pass) ... ok
test_branch_and_escaping_destination_are_rejected (test_skill_vendor.VendorTests.test_branch_and_escaping_destination_are_rejected) ... ok
test_development_tag_is_immutable_version (test_skill_vendor.VendorTests.test_development_tag_is_immutable_version) ... ok
test_local_override_uses_tag_not_dirty_worktree_or_cache (test_skill_vendor.VendorTests.test_local_override_uses_tag_not_dirty_worktree_or_cache) ... ok
test_remote_ref_race_cannot_label_new_checkout_with_old_sha (test_skill_vendor.VendorTests.test_remote_ref_race_cannot_label_new_checkout_with_old_sha) ... ok
test_existing_link_target_is_preserved_before_any_replacement (test_skill_vendor_self_contained.SelfContainedVendorTests.test_existing_link_target_is_preserved_before_any_replacement) ... ok
test_invalid_second_source_does_not_replace_first_target_or_lock (test_skill_vendor_self_contained.SelfContainedVendorTests.test_invalid_second_source_does_not_replace_first_target_or_lock) ... ok
test_linked_destination_is_rejected_even_when_it_stays_inside_repository (test_skill_vendor_self_contained.SelfContainedVendorTests.test_linked_destination_is_rejected_even_when_it_stays_inside_repository) ... ok
test_links_are_rejected_including_root_directory_and_dangling (test_skill_vendor_self_contained.SelfContainedVendorTests.test_links_are_rejected_including_root_directory_and_dangling) ... ok
test_offline_check_rejects_content_identical_external_link (test_skill_vendor_self_contained.SelfContainedVendorTests.test_offline_check_rejects_content_identical_external_link) ... ok
test_offline_check_rejects_missing_commit_or_digest_before_source_use (test_skill_vendor_self_contained.SelfContainedVendorTests.test_offline_check_rejects_missing_commit_or_digest_before_source_use) ... ok
test_public_check_rejects_equal_content_link_without_touching_user_files (test_skill_vendor_self_contained.SelfContainedVendorTests.test_public_check_rejects_equal_content_link_without_touching_user_files) ... ok
test_public_update_rejects_tagged_link_before_replacing_any_skill (test_skill_vendor_self_contained.SelfContainedVendorTests.test_public_update_rejects_tagged_link_before_replacing_any_skill) ... ok
test_regular_payload_retains_existing_digest (test_skill_vendor_self_contained.SelfContainedVendorTests.test_regular_payload_retains_existing_digest) ... ok
test_snapshot_drift_fails_without_refreshing_lock_or_other_skill (test_skill_vendor_self_contained.SelfContainedVendorTests.test_snapshot_drift_fails_without_refreshing_lock_or_other_skill) ... ok
test_valid_update_preserves_plugin_local_skill_and_binds_new_digest (test_skill_vendor_self_contained.SelfContainedVendorTests.test_valid_update_preserves_plugin_local_skill_and_binds_new_digest) ... ok
test_version_named_branch_is_not_a_release_tag (test_skill_vendor_self_contained.SelfContainedVendorTests.test_version_named_branch_is_not_a_release_tag) ... fatal: couldn't find remote ref refs/tags/v1.0.0
ok
test_current_source_plan_identity_and_stale_fields (test_source_plan_identity.SourcePlanIdentityTests.test_current_source_plan_identity_and_stale_fields) ... ok

----------------------------------------------------------------------
Ran 47 tests in 4.863s

OK
fetched [TEST_ROOT]/tmp/tmpjgucj5md/source@v1.0.0 -> 360d7d9e76358c2cab637d06908d7fb1f00d3c2b
using local tagged source for sample-skills: [TEST_ROOT]/tmp/tmpjgucj5md/source @ 360d7d9e76358c2cab637d06908d7fb1f00d3c2b
