✔ private host grant binds the exact operation and is re-read for revocation and expiry (2.955ms)
✔ host grant files reject shared permissions, symlinks and ambiguous JSON (0.856875ms)
✔ actual Python native workflow binds SQL attempts, preserves original project and does not repeat a completed attempt (5032.967291ms)
✔ public task mapping uses registered identity and keeps internal fields in the domain ledger (4.962375ms)
✔ legacy command receipt is linked without rewriting native integers or declaring completion (29.091041ms)
✔ conflicting identity, absent identity and duplicate JSON keys cannot become a successful receipt (25.816667ms)
✔ a moved or replaced candidate makes evidence stale and does not overwrite stored originals (26.130167ms)
✔ receipt paths reject traversal and symlinks before reading their targets (26.647959ms)
✔ strict lossless parsing preserves unsafe native integers and rejects ambiguity (0.236333ms)
✔ plan normalization keeps Python native hashes compatible and refuses duplicate or nonfinite values (87.575ms)
✔ delivery mapping binds native project, input versions, packaged dependencies and exchange loss without quality PASS (174.349583ms)
✔ missing capability evidence remains unknown and a mismatching packaged dependency cannot be delivered (101.873042ms)
✔ legacy output execution maps declared new inputs separately from inherited project inputs (152.001084ms)
✔ failed-stage receipts retain original bytes and missing historical identities without following stage paths (83.149875ms)
✔ delivery without the same-attempt execution record remains unknown and cannot expose output artifacts (182.510625ms)
✔ execution owner PID must match the attempt and legacy missing process identity stays unknown (168.804792ms)
✔ old artifacts cannot be relabeled as a later task attempt even when plan and runtime match (244.215833ms)
✔ conflicting same-kind observations retain original CAS bytes and do not replace the original association (94.871125ms)
✔ current missing process evidence cannot inherit an older linked conclusion from the receipt index (168.2205ms)
✔ read-only diagnosis sees committed WAL state without changing database, sidecars, projects or missing blob directories (12.259542ms)
✔ damaged database and missing receipts remain structured unknown and never create or overwrite state (2.134792ms)
✔ an actually running detached process remains occupied after its host state becomes unknown (34.870708ms)
✔ lost replies are diagnosed without writes and repaired only with fresh evidence, matching authorization and fenced intent (438.735417ms)
✔ changed candidate, missing export record or missing process identity cannot unlock or repair an unknown task (170.890542ms)
✔ recovery intent survives reopening; an active or expired old recovery owner cannot commit (95.768667ms)
✔ a partial receipt handoff remains diagnostically complete only when both current native records agree (380.492875ms)
✔ legacy ledger snapshots remain read-only and an explicit writer upgrades without replacing task or attempt identities (41.399083ms)
✔ CLI inspect and reconcile are both read-only; unknown diagnosis is explicit (163.316375ms)
✔ freshly requested repair of an already reconciled attempt is read-only and does not create another recovery intent (477.73675ms)
✔ two actual recovery processes cannot apply the same uncertain attempt twice (423.662125ms)
✔ logical task identity corruption is diagnosed as unknown without rewriting corrupt bytes (4.723291ms)
✔ matching authorization references alone cannot authorize state repair (156.421875ms)
✔ expired or revoked host authorization cannot change an uncertain attempt (198.44475ms)
✔ legacy writer must require an explicit verified backup before migration (4.217166ms)
✔ continuation cannot substitute for independent state repair of an executed but uncertain attempt (144.648459ms)
✔ authorization revoked after recovery intent is durable abandons repair without releasing unknown occupancy (285.187375ms)
✔ an exited actual host does not imply its detached controlled child stopped (34.584584ms)
✔ CLI repair checks an actual private host grant rather than trusting reference flags (549.263542ms)
✔ schema1 backup, upgrade and compatible rollback preserve unknown task, attempts, receipts and occupancy (69.242917ms)
✔ schema2 backup, upgrade and compatible rollback preserve unknown task, attempts, receipts and occupancy (51.882459ms)
✔ committed uncheckpointed WAL is preserved in backup and read-only diagnosis cannot alter any original sidecar (33.598708ms)
✔ a changed original during isolated inspection is unknown rather than a reusable old snapshot (7.468583ms)
✔ rollback refuses to discard new task records and does not overwrite the immutable old backup (38.95625ms)
✔ corrupt backups, unsupported ledgers and logical damage cannot be upgraded or claimed (38.478833ms)
✔ maintenance cannot run without authorization or while a live write lease is held (8.626167ms)
✔ an existing empty SQLite database is unknown, never an invitation to initialize FilmCraft state (1.019958ms)
✔ foreign and logically damaged ledgers are rejected before any backup or original SQLite write (7.913583ms)
✔ revocation after backup intent preserves original schema and the complete backup audit (41.988875ms)
✔ matching column names without FilmCraft structural constraints cannot claim a ledger (5.278958ms)
✔ the actual previous installed dev45 core refuses schema3 without editing current state (79.52875ms)
✔ same idempotency key returns the original task; changed identity conflicts without replacing it (6.801041ms)
✔ task IDs cannot overwrite another caller and input versions remain bound (2.837041ms)
✔ project occupancy survives close/reopen and unknown execution does not free the writer (3.896375ms)
✔ expired leases are fenced without automatically taking over or accepting an old completion (2.932208ms)
✔ intent is committed before submission and accepted execution is not completed delivery (3.963167ms)
✔ missing stop confirmation remains unknown; receipts cannot be spliced across attempts (3.940083ms)
✔ deadline and unsupported state database refuse execution without editing user files (2.336875ms)
✔ two actual processes cannot acquire the same project writer (86.684666ms)
✔ aliased output parents share idempotency and occupancy even with a different project key (3.140417ms)
✔ an unrelated SQLite database with user_version 1 is rejected without changing its bytes (2.278ms)
ℹ tests 60
ℹ suites 0
ℹ pass 60
ℹ fail 0
ℹ cancelled 0
ℹ skipped 0
ℹ todo 0
ℹ duration_ms 11287.931333
