
> @full-aigc-plugins/filmcraft@0.1.0-dev.43 test:native
> FILMCRAFT_NATIVE_HARNESS=1 node --test --test-concurrency=1 test/harness/*.test.ts

✔ actual Python native workflow binds SQL attempts, preserves original project and does not repeat a completed attempt (3319.098ms)
✔ public task mapping uses registered identity and keeps internal fields in the domain ledger (5.4595ms)
✔ legacy command receipt is linked without rewriting native integers or declaring completion (28.250458ms)
✔ conflicting identity, absent identity and duplicate JSON keys cannot become a successful receipt (25.868541ms)
✔ a moved or replaced candidate makes evidence stale and does not overwrite stored originals (26.829791ms)
✔ receipt paths reject traversal and symlinks before reading their targets (25.916875ms)
✔ strict lossless parsing preserves unsafe native integers and rejects ambiguity (0.185875ms)
✔ plan normalization keeps Python native hashes compatible and refuses duplicate or nonfinite values (87.447209ms)
✔ delivery mapping binds native project, input versions, packaged dependencies and exchange loss without quality PASS (73.779375ms)
✔ missing capability evidence remains unknown and a mismatching packaged dependency cannot be delivered (94.560167ms)
✔ legacy output execution maps declared new inputs separately from inherited project inputs (91.627625ms)
✔ failed-stage receipts retain original bytes and missing historical identities without following stage paths (25.789709ms)
✔ read-only diagnosis sees committed WAL state without changing database, sidecars, projects or missing blob directories (10.564417ms)
✔ damaged database and missing receipts remain structured unknown and never create or overwrite state (2.656875ms)
✔ an actually running detached process remains occupied after its host state becomes unknown (43.914833ms)
✔ lost replies are diagnosed without writes and repaired only with fresh evidence, matching authorization and fenced intent (481.137916ms)
✔ changed candidate, missing export record or missing process identity cannot unlock or repair an unknown task (176.777042ms)
✔ recovery intent survives reopening; an active or expired old recovery owner cannot commit (98.761916ms)
✔ legacy ledger snapshots remain read-only and an explicit writer upgrades without replacing task or attempt identities (5.201708ms)
✔ CLI inspect and reconcile are both read-only; unknown diagnosis is explicit (150.612375ms)
✔ freshly requested repair of an already reconciled attempt is read-only and does not create another recovery intent (617.503042ms)
✔ two actual recovery processes cannot apply the same uncertain attempt twice (467.634667ms)
✔ logical task identity corruption is diagnosed as unknown without rewriting corrupt bytes (4.879875ms)
✔ same idempotency key returns the original task; changed identity conflicts without replacing it (4.629541ms)
✔ task IDs cannot overwrite another caller and input versions remain bound (2.756292ms)
✔ project occupancy survives close/reopen and unknown execution does not free the writer (4.74275ms)
✔ expired leases are fenced without automatically taking over or accepting an old completion (3.159667ms)
✔ intent is committed before submission and accepted execution is not completed delivery (3.205542ms)
✔ missing stop confirmation remains unknown; receipts cannot be spliced across attempts (3.411125ms)
✔ deadline and unsupported state database refuse execution without editing user files (2.684458ms)
✔ two actual processes cannot acquire the same project writer (71.6765ms)
✔ aliased output parents share idempotency and occupancy even with a different project key (3.687125ms)
✔ an unrelated SQLite database with user_version 1 is rejected without changing its bytes (1.926209ms)
ℹ tests 33
ℹ suites 0
ℹ pass 33
ℹ fail 0
ℹ cancelled 0
ℹ skipped 0
ℹ todo 0
ℹ duration_ms 6350.392542
